/home/beckett/Projects/babble/.beckett/worktrees/run-20260820-pretrain-on-current-corpus-synthetic-in/.venv/lib/python3.12/site-packages/torch/_subclasses/functional_tensor.py:368: UserWarning: Failed to initialize NumPy: No module named 'numpy' (Triggered internally at /__w/pytorch/pytorch/torch/csrc/utils/tensor_numpy.cpp:84.)
  cpu = _conversion_method_template(device=torch.device("cpu"))
2026-08-20T06:41:20+00:00  train.polite           nice=19 threads=2 cpus=8 device=cpu mkldnn=True
2026-08-20T06:41:21+00:00  train.start            step=0 resumed=False params=3347968 budget=400 batch_size=8 lr=0.001
2026-08-20T06:41:21+00:00  train.cycle.start      cycle=1 step=0 rows=403 examples=324 tokens=18819 val_tokens=6527 planned_steps=400 train_rows=322 val_rows=81 val_enabled=True stored=403 dropped_consent=0 dropped_blocklist=0
2026-08-20T06:42:07+00:00  train.checkpoint       step=50 loss=3.5051 mean_loss=2.974 worst_row_loss=6.0145 worst_row_text=1+1=2 val_loss=2.992 val_rows=81 val_enabled=True overfit_signal=False rows=322 file=ckpt-0000050.pt seconds=20 prefix=hallo probe_side=trained sample="r ban whe t thas p woel ten roo se te we je ce s yusekhel to rhh"
step      50 | loss   3.5051 | worst  6.015 | val   2.9920 | [trained] 'hallo' -> 'r ban whe t thas p woel ten roo se te we je ce s yusekhel to rhh'
2026-08-20T06:42:47+00:00  train.checkpoint       step=100 loss=2.8662 mean_loss=2.7491 worst_row_loss=5.7749 worst_row_text=4 val_loss=2.8328 val_rows=81 val_enabled=True overfit_signal=False rows=322 file=ckpt-0000100.pt seconds=20.15 prefix="what’s the" probe_side=trained sample=" t at t at ire s tolos a be t it t coous pfe t oou ban arere t"
step     100 | loss   2.8662 | worst  5.775 | val   2.8328 | [trained] 'what’s the' -> ' t at t at ire s tolos a be t it t coous pfe t oou ban arere t'
2026-08-20T06:43:28+00:00  train.checkpoint       step=150 loss=2.7236 mean_loss=2.621 worst_row_loss=6.2122 worst_row_text=SSH val_loss=2.7623 val_rows=81 val_enabled=True overfit_signal=False rows=322 file=ckpt-0000150.pt seconds=20.72 prefix=Idfk probe_side=trained sample=" then t a d thorke fond ore a the ang as t bur sso norong ite we"
step     150 | loss   2.7236 | worst  6.212 | val   2.7623 | [trained] 'Idfk' -> ' then t a d thorke fond ore a the ang as t bur sso norong ite we'
2026-08-20T06:44:09+00:00  train.checkpoint       step=200 loss=2.5674 mean_loss=2.5533 worst_row_loss=6.3177 worst_row_text=BRO val_loss=2.7756 val_rows=81 val_enabled=True overfit_signal=True rows=322 file=ckpt-0000200.pt seconds=19.74 prefix="tell me a" probe_side=trained sample="t whilal slit t winy at the s wely wakel tho s the athathorel w "
step     200 | loss   2.5674 | worst  6.318 | val   2.7756  ⚠ overfitting | [trained] 'tell me a' -> 't whilal slit t winy at the s wely wakel tho s the athathorel w '
2026-08-20T06:45:04+00:00  train.checkpoint       step=250 loss=2.5615 mean_loss=2.4832 worst_row_loss=5.6439 worst_row_text="YOU'RE BACK" val_loss=2.7634 val_rows=81 val_enabled=True overfit_signal=False rows=322 file=ckpt-0000250.pt seconds=22.63 prefix="No fuck" probe_side=trained sample=""
step     250 | loss   2.5615 | worst  5.644 | val   2.7634 | [trained] 'No fuck' -> ''
2026-08-20T06:45:47+00:00  train.checkpoint       step=300 loss=2.4812 mean_loss=2.4355 worst_row_loss=5.2033 worst_row_text="YOU'RE BACK" val_loss=2.7851 val_rows=81 val_enabled=True overfit_signal=True rows=322 file=ckpt-0000300.pt seconds=22.83 prefix=Hi probe_side=trained sample="n t it s nou t athe athe wt t athe t t rt s it we chok ala i it "
step     300 | loss   2.4812 | worst  5.203 | val   2.7851  ⚠ overfitting | [trained] 'Hi' -> 'n t it s nou t athe athe wt t athe t t rt s it we chok ala i it '
2026-08-20T06:45:48+00:00  train.cycle.end        cycle=1 step=300 steps=300 seconds=266.7 loss=2.4904
2026-08-20T06:45:48+00:00  train.stop             step=150 steps_run=300 checkpoints=6 reason=trained stopped_early=True last_loss=2.7236 val_loss=2.7623 rows_trained=403 last_trained_rows=403 budget=400
trained 403 human row(s) from random init, best checkpoint at step 150 (loss 2.7236, val 2.7623) after 300/400 steps (stopped early) -> /home/beckett/babble-live/experiments/pretrain-synthetic-20260820T064057Z/checkpoints/latest.pt
