[driver] starting cap-3.3M-s1
/home/beckett/Projects/babble/.beckett/worktrees/run-20260821-booper-capacity-sweep-tokenizer-swap/.venv/lib/python3.12/site-packages/torch/_subclasses/functional_tensor.py:368: UserWarning: Failed to initialize NumPy: No module named 'numpy' (Triggered internally at /__w/pytorch/pytorch/torch/csrc/utils/tensor_numpy.cpp:84.)
  cpu = _conversion_method_template(device=torch.device("cpu"))
[cap-3.3M-s1] {"name": "cap-3.3M-s1", "steps": 600, "lr": 0.0003, "n_layer": 4, "n_head": 4, "n_embd": 256, "dropout": 0.2, "weight_decay": 0.01, "cosine": true, "batch_size": 8, "params": 3347968, "train_rows": 359, "val_rows": 90, "train_examples": 361, "synthetic_examples": 0, "seed": 1}
[cap-3.3M-s1] step 50 train 2.8548 val 2.8980
[cap-3.3M-s1] step 100 train 2.6886 val 2.7484
[cap-3.3M-s1] step 150 train 2.5365 val 2.6610
[cap-3.3M-s1] step 200 train 2.4885 val 2.6623
[cap-3.3M-s1] step 250 train 2.4299 val 2.6150
[cap-3.3M-s1] step 300 train 2.3545 val 2.6173
[cap-3.3M-s1] step 350 train 2.3128 val 2.6082
[cap-3.3M-s1] step 400 train 2.2751 val 2.6128
[cap-3.3M-s1] step 450 train 2.2396 val 2.6009
[cap-3.3M-s1] step 500 train 2.2186 val 2.6098
[cap-3.3M-s1] step 550 train 2.2052 val 2.6086
[cap-3.3M-s1] step 600 train 2.1885 val 2.5981
[cap-3.3M-s1] DONE {"summary": true, "final_step": 600, "final_train_full": 2.1885, "final_val": 2.5981, "best_step": 600, "best_val": 2.5981, "best_train_full": 2.1885, "elapsed_s": 522.6, "samples": {"hello": " that where thats therow nthe s whe wherere cathe the he s fore ", "the cat": "s bacoul st cono pe out t the s sor ther jut thathasike t ithat ", "why is": " that were shere pusoron gind or cat ind jun lorest wouel thar i", "boop": ""}}
[driver] finished cap-3.3M-s1
[driver] starting cap-3.3M-s2
/home/beckett/Projects/babble/.beckett/worktrees/run-20260821-booper-capacity-sweep-tokenizer-swap/.venv/lib/python3.12/site-packages/torch/_subclasses/functional_tensor.py:368: UserWarning: Failed to initialize NumPy: No module named 'numpy' (Triggered internally at /__w/pytorch/pytorch/torch/csrc/utils/tensor_numpy.cpp:84.)
  cpu = _conversion_method_template(device=torch.device("cpu"))
[cap-3.3M-s2] {"name": "cap-3.3M-s2", "steps": 600, "lr": 0.0003, "n_layer": 4, "n_head": 4, "n_embd": 256, "dropout": 0.2, "weight_decay": 0.01, "cosine": true, "batch_size": 8, "params": 3347968, "train_rows": 359, "val_rows": 90, "train_examples": 361, "synthetic_examples": 0, "seed": 2}
[cap-3.3M-s2] step 50 train 2.8401 val 2.8638
[cap-3.3M-s2] step 100 train 2.6559 val 2.7449
[cap-3.3M-s2] step 150 train 2.5342 val 2.6669
[cap-3.3M-s2] step 200 train 2.4747 val 2.6597
[cap-3.3M-s2] step 250 train 2.4121 val 2.6330
[cap-3.3M-s2] step 300 train 2.3662 val 2.6153
[cap-3.3M-s2] step 350 train 2.3085 val 2.5963
[cap-3.3M-s2] step 400 train 2.2697 val 2.6021
[cap-3.3M-s2] step 450 train 2.2404 val 2.6021
[cap-3.3M-s2] step 500 train 2.2094 val 2.5949
[cap-3.3M-s2] step 550 train 2.1884 val 2.6029
[cap-3.3M-s2] step 600 train 2.1757 val 2.6107
[cap-3.3M-s2] DONE {"summary": true, "final_step": 600, "final_train_full": 2.1757, "final_val": 2.6107, "best_step": 500, "best_val": 2.5949, "best_train_full": 2.2094, "best_val_bits_per_char": 3.8074, "val_chars": 7050, "elapsed_s": 605.2, "samples": {"hello": " what fouree t", "the cat": "s lolof ckeell", "why is": " you thacke ithake as ing as ithe there t the the the as thestha", "boop": ""}}
[driver] finished cap-3.3M-s2
[driver] starting cap-3.3M-s3
/home/beckett/Projects/babble/.beckett/worktrees/run-20260821-booper-capacity-sweep-tokenizer-swap/.venv/lib/python3.12/site-packages/torch/_subclasses/functional_tensor.py:368: UserWarning: Failed to initialize NumPy: No module named 'numpy' (Triggered internally at /__w/pytorch/pytorch/torch/csrc/utils/tensor_numpy.cpp:84.)
  cpu = _conversion_method_template(device=torch.device("cpu"))
[cap-3.3M-s3] {"name": "cap-3.3M-s3", "steps": 600, "lr": 0.0003, "n_layer": 4, "n_head": 4, "n_embd": 256, "dropout": 0.2, "weight_decay": 0.01, "cosine": true, "batch_size": 8, "params": 3347968, "train_rows": 359, "val_rows": 90, "train_examples": 361, "synthetic_examples": 0, "seed": 3}
[cap-3.3M-s3] step 50 train 2.8527 val 2.8925
[cap-3.3M-s3] step 100 train 2.6412 val 2.7302
[driver] skipping cap-3.3M-s1 (already complete)
[driver] skipping cap-3.3M-s2 (already complete)
[driver] starting cap-3.3M-s3
/home/beckett/Projects/babble/.beckett/worktrees/run-20260821-booper-capacity-sweep-tokenizer-swap/.venv/lib/python3.12/site-packages/torch/_subclasses/functional_tensor.py:368: UserWarning: Failed to initialize NumPy: No module named 'numpy' (Triggered internally at /__w/pytorch/pytorch/torch/csrc/utils/tensor_numpy.cpp:84.)
  cpu = _conversion_method_template(device=torch.device("cpu"))
[cap-3.3M-s3] {"name": "cap-3.3M-s3", "steps": 600, "lr": 0.0003, "n_layer": 4, "n_head": 4, "n_embd": 256, "dropout": 0.2, "weight_decay": 0.01, "cosine": true, "batch_size": 8, "params": 3347968, "train_rows": 359, "val_rows": 90, "train_examples": 361, "synthetic_examples": 0, "seed": 3}
[cap-3.3M-s3] step 50 train 2.8527 val 2.8925
[cap-3.3M-s3] step 100 train 2.6412 val 2.7302
[cap-3.3M-s3] step 150 train 2.5651 val 2.7146
[cap-3.3M-s3] step 200 train 2.4625 val 2.6434
[cap-3.3M-s3] step 250 train 2.4090 val 2.6344
[cap-3.3M-s3] step 300 train 2.3516 val 2.6184
[cap-3.3M-s3] step 350 train 2.3225 val 2.6226
[cap-3.3M-s3] step 400 train 2.2746 val 2.6071
[cap-3.3M-s3] step 450 train 2.2391 val 2.6177
[cap-3.3M-s3] step 500 train 2.2192 val 2.6099
[cap-3.3M-s3] step 550 train 2.1955 val 2.6168
[cap-3.3M-s3] step 600 train 2.1816 val 2.6119
[cap-3.3M-s3] DONE {"summary": true, "final_step": 600, "final_train_full": 2.1816, "final_val": 2.6119, "best_step": 400, "best_val": 2.6071, "best_train_full": 2.2746, "best_val_bits_per_char": 3.8253, "val_chars": 7050, "elapsed_s": 509.6, "samples": {"hello": " whe we that thasest s core thellasthange f se furex thantha", "the cat": " wous tore tha asthat al as the thore n t fesousthe we thas me a", "why is": " wou it re tha dore thas ss thes a auan a fond onre wo thas men ", "boop": " whe west that d se thalors the thor an ake sonorrer t t thor th"}}
[driver] finished cap-3.3M-s3
[driver] starting cap-1.4M-s1
/home/beckett/Projects/babble/.beckett/worktrees/run-20260821-booper-capacity-sweep-tokenizer-swap/.venv/lib/python3.12/site-packages/torch/_subclasses/functional_tensor.py:368: UserWarning: Failed to initialize NumPy: No module named 'numpy' (Triggered internally at /__w/pytorch/pytorch/torch/csrc/utils/tensor_numpy.cpp:84.)
  cpu = _conversion_method_template(device=torch.device("cpu"))
[cap-1.4M-s1] {"name": "cap-1.4M-s1", "steps": 800, "lr": 0.0003, "n_layer": 3, "n_head": 4, "n_embd": 192, "dropout": 0.2, "weight_decay": 0.01, "cosine": true, "batch_size": 8, "params": 1428864, "train_rows": 359, "val_rows": 90, "train_examples": 377, "synthetic_examples": 0, "seed": 1}
[cap-1.4M-s1] step 50 train 2.9468 val 2.9519
[cap-1.4M-s1] step 100 train 2.7120 val 2.7632
[cap-1.4M-s1] step 150 train 2.6261 val 2.7107
[cap-1.4M-s1] step 200 train 2.5521 val 2.6635
[cap-1.4M-s1] step 250 train 2.4977 val 2.6268
[cap-1.4M-s1] step 300 train 2.4548 val 2.6127
[cap-1.4M-s1] step 350 train 2.4206 val 2.5974
[cap-1.4M-s1] step 400 train 2.3955 val 2.6075
[cap-1.4M-s1] step 450 train 2.3665 val 2.5936
[cap-1.4M-s1] step 500 train 2.3428 val 2.5824
[cap-1.4M-s1] step 550 train 2.3178 val 2.5835
[cap-1.4M-s1] step 600 train 2.3047 val 2.5837
[cap-1.4M-s1] step 650 train 2.2833 val 2.5723
[cap-1.4M-s1] step 700 train 2.2786 val 2.5750
[cap-1.4M-s1] step 750 train 2.2654 val 2.5650
[cap-1.4M-s1] step 800 train 2.2601 val 2.5627
[cap-1.4M-s1] DONE {"summary": true, "final_step": 800, "final_train_full": 2.2601, "final_val": 2.5627, "best_step": 800, "best_val": 2.5627, "best_train_full": 2.2601, "best_val_bits_per_char": 3.7602, "val_chars": 7050, "elapsed_s": 243.9, "samples": {"hello": " that wher you watstoull ghas s so tha wou and susthe he t that ", "the cat": "s ou", "why is": " that the the athathe lo ghat s st tha sthe cathestaske ll tore ", "boop": ""}}
[driver] finished cap-1.4M-s1
[driver] starting cap-1.4M-s2
/home/beckett/Projects/babble/.beckett/worktrees/run-20260821-booper-capacity-sweep-tokenizer-swap/.venv/lib/python3.12/site-packages/torch/_subclasses/functional_tensor.py:368: UserWarning: Failed to initialize NumPy: No module named 'numpy' (Triggered internally at /__w/pytorch/pytorch/torch/csrc/utils/tensor_numpy.cpp:84.)
  cpu = _conversion_method_template(device=torch.device("cpu"))
[cap-1.4M-s2] {"name": "cap-1.4M-s2", "steps": 800, "lr": 0.0003, "n_layer": 3, "n_head": 4, "n_embd": 192, "dropout": 0.2, "weight_decay": 0.01, "cosine": true, "batch_size": 8, "params": 1428864, "train_rows": 359, "val_rows": 90, "train_examples": 377, "synthetic_examples": 0, "seed": 2}
[cap-1.4M-s2] step 50 train 2.9716 val 2.9860
[cap-1.4M-s2] step 100 train 2.7422 val 2.7948
[cap-1.4M-s2] step 150 train 2.6264 val 2.7134
[cap-1.4M-s2] step 200 train 2.5593 val 2.6805
[cap-1.4M-s2] step 250 train 2.5131 val 2.6536
[cap-1.4M-s2] step 300 train 2.4641 val 2.6044
[cap-1.4M-s2] step 350 train 2.4313 val 2.5958
[cap-1.4M-s2] step 400 train 2.4033 val 2.5962
[cap-1.4M-s2] step 450 train 2.3683 val 2.5849
[cap-1.4M-s2] step 500 train 2.3438 val 2.5814
[cap-1.4M-s2] step 550 train 2.3191 val 2.5689
[cap-1.4M-s2] step 600 train 2.3008 val 2.5688
[cap-1.4M-s2] step 650 train 2.2885 val 2.5710
[cap-1.4M-s2] step 700 train 2.2721 val 2.5668
[cap-1.4M-s2] step 750 train 2.2633 val 2.5615
[cap-1.4M-s2] step 800 train 2.2555 val 2.5610
[cap-1.4M-s2] DONE {"summary": true, "final_step": 800, "final_train_full": 2.2555, "final_val": 2.561, "best_step": 800, "best_val": 2.561, "best_train_full": 2.2555, "best_val_bits_per_char": 3.7577, "val_chars": 7050, "elapsed_s": 248.9, "samples": {"hello": " what f cateren sest mesif ing the the ere", "the cat": "s the foushe t akeso most sin busust bupl pers ntou t asot sesor", "why is": " you thacate thake cathe t se burengous t thes nthe the thesesth", "boop": ""}}
[driver] finished cap-1.4M-s2
[driver] starting cap-1.4M-s3
/home/beckett/Projects/babble/.beckett/worktrees/run-20260821-booper-capacity-sweep-tokenizer-swap/.venv/lib/python3.12/site-packages/torch/_subclasses/functional_tensor.py:368: UserWarning: Failed to initialize NumPy: No module named 'numpy' (Triggered internally at /__w/pytorch/pytorch/torch/csrc/utils/tensor_numpy.cpp:84.)
  cpu = _conversion_method_template(device=torch.device("cpu"))
[cap-1.4M-s3] {"name": "cap-1.4M-s3", "steps": 800, "lr": 0.0003, "n_layer": 3, "n_head": 4, "n_embd": 192, "dropout": 0.2, "weight_decay": 0.01, "cosine": true, "batch_size": 8, "params": 1428864, "train_rows": 359, "val_rows": 90, "train_examples": 377, "synthetic_examples": 0, "seed": 3}
[cap-1.4M-s3] step 50 train 2.9475 val 2.9618
[cap-1.4M-s3] step 100 train 2.7250 val 2.7746
[cap-1.4M-s3] step 150 train 2.6205 val 2.7034
[cap-1.4M-s3] step 200 train 2.5579 val 2.6590
[cap-1.4M-s3] step 250 train 2.5095 val 2.6488
[cap-1.4M-s3] step 300 train 2.4649 val 2.6141
[cap-1.4M-s3] step 350 train 2.4209 val 2.5999
[cap-1.4M-s3] step 400 train 2.3972 val 2.5932
[cap-1.4M-s3] step 450 train 2.3665 val 2.5805
[cap-1.4M-s3] step 500 train 2.3415 val 2.5829
[cap-1.4M-s3] step 550 train 2.3283 val 2.5875
[cap-1.4M-s3] step 600 train 2.3057 val 2.5802
[cap-1.4M-s3] step 650 train 2.2876 val 2.5728
[cap-1.4M-s3] step 700 train 2.2762 val 2.5706
[cap-1.4M-s3] step 750 train 2.2672 val 2.5660
[cap-1.4M-s3] step 800 train 2.2626 val 2.5746
[cap-1.4M-s3] DONE {"summary": true, "final_step": 800, "final_train_full": 2.2626, "final_val": 2.5746, "best_step": 750, "best_val": 2.566, "best_train_full": 2.2672, "best_val_bits_per_char": 3.765, "val_chars": 7050, "elapsed_s": 241.5, "samples": {"hello": " whis t thathe asss thalore thelllyou nge f se furexan whe coun ", "the cat": " wous tore mat ass at al as thelinore ng if sousere we t that th", "why is": " wou it that t doss t s masthallis tupe weles sonre wo thes mon ", "boop": " int it"}}
[driver] finished cap-1.4M-s3
[driver] starting cap-460K-s1
/home/beckett/Projects/babble/.beckett/worktrees/run-20260821-booper-capacity-sweep-tokenizer-swap/.venv/lib/python3.12/site-packages/torch/_subclasses/functional_tensor.py:368: UserWarning: Failed to initialize NumPy: No module named 'numpy' (Triggered internally at /__w/pytorch/pytorch/torch/csrc/utils/tensor_numpy.cpp:84.)
  cpu = _conversion_method_template(device=torch.device("cpu"))
[cap-460K-s1] {"name": "cap-460K-s1", "steps": 1200, "lr": 0.0003, "n_layer": 2, "n_head": 4, "n_embd": 128, "dropout": 0.2, "weight_decay": 0.01, "cosine": true, "batch_size": 8, "params": 460544, "train_rows": 359, "val_rows": 90, "train_examples": 377, "synthetic_examples": 0, "seed": 1}
[cap-460K-s1] step 100 train 2.9066 val 2.9257
[cap-460K-s1] step 200 train 2.6811 val 2.7452
[cap-460K-s1] step 300 train 2.5713 val 2.6708
[cap-460K-s1] step 400 train 2.5097 val 2.6434
[cap-460K-s1] step 500 train 2.4610 val 2.6237
[cap-460K-s1] step 600 train 2.4299 val 2.6020
[cap-460K-s1] step 700 train 2.4070 val 2.6030
[cap-460K-s1] step 800 train 2.3723 val 2.5786
[cap-460K-s1] step 900 train 2.3548 val 2.5786
[cap-460K-s1] step 1000 train 2.3374 val 2.5741
[cap-460K-s1] step 1100 train 2.3299 val 2.5778
[cap-460K-s1] step 1200 train 2.3264 val 2.5785
[cap-460K-s1] DONE {"summary": true, "final_step": 1200, "final_train_full": 2.3264, "final_val": 2.5785, "best_step": 1000, "best_val": 2.5741, "best_train_full": 2.3374, "best_val_bits_per_char": 3.7769, "val_chars": 7050, "elapsed_s": 149.3, "samples": {"hello": " that where that pstoulo ghis s so thine jus bore t we it in in ", "the cat": " that there that ps outh ghas s sor ther jus lo be st he t o tha", "why is": " thathe ore that pthe the thatore the thous t thesus thel tolind", "boop": ""}}
[driver] finished cap-460K-s1
[driver] starting cap-460K-s2
/home/beckett/Projects/babble/.beckett/worktrees/run-20260821-booper-capacity-sweep-tokenizer-swap/.venv/lib/python3.12/site-packages/torch/_subclasses/functional_tensor.py:368: UserWarning: Failed to initialize NumPy: No module named 'numpy' (Triggered internally at /__w/pytorch/pytorch/torch/csrc/utils/tensor_numpy.cpp:84.)
  cpu = _conversion_method_template(device=torch.device("cpu"))
[cap-460K-s2] {"name": "cap-460K-s2", "steps": 1200, "lr": 0.0003, "n_layer": 2, "n_head": 4, "n_embd": 128, "dropout": 0.2, "weight_decay": 0.01, "cosine": true, "batch_size": 8, "params": 460544, "train_rows": 359, "val_rows": 90, "train_examples": 377, "synthetic_examples": 0, "seed": 2}
[cap-460K-s2] step 100 train 2.9055 val 2.9260
[cap-460K-s2] step 200 train 2.6693 val 2.7408
[cap-460K-s2] step 300 train 2.5790 val 2.6652
[cap-460K-s2] step 400 train 2.5132 val 2.6350
[cap-460K-s2] step 500 train 2.4622 val 2.6133
[cap-460K-s2] step 600 train 2.4269 val 2.5976
[cap-460K-s2] step 700 train 2.3925 val 2.5932
[cap-460K-s2] step 800 train 2.3702 val 2.5855
[cap-460K-s2] step 900 train 2.3524 val 2.5778
[cap-460K-s2] step 1000 train 2.3412 val 2.5709
[cap-460K-s2] step 1100 train 2.3276 val 2.5704
[cap-460K-s2] step 1200 train 2.3221 val 2.5717
[cap-460K-s2] DONE {"summary": true, "final_step": 1200, "final_train_full": 2.3221, "final_val": 2.5717, "best_step": 1100, "best_val": 2.5704, "best_train_full": 2.3276, "best_val_bits_per_char": 3.7715, "val_chars": 7050, "elapsed_s": 152.6, "samples": {"hello": " what f cateren sesthe in sing the the ore sos inde toron t asor", "the cat": "s the f carelrn soso mas ase ber tor bupr pe s atou touson sesor", "why is": " walyo t a athe se an ise ase berongore t the wethe the ithest a", "boop": ""}}
[driver] finished cap-460K-s2
[driver] starting cap-460K-s3
/home/beckett/Projects/babble/.beckett/worktrees/run-20260821-booper-capacity-sweep-tokenizer-swap/.venv/lib/python3.12/site-packages/torch/_subclasses/functional_tensor.py:368: UserWarning: Failed to initialize NumPy: No module named 'numpy' (Triggered internally at /__w/pytorch/pytorch/torch/csrc/utils/tensor_numpy.cpp:84.)
  cpu = _conversion_method_template(device=torch.device("cpu"))
[cap-460K-s3] {"name": "cap-460K-s3", "steps": 1200, "lr": 0.0003, "n_layer": 2, "n_head": 4, "n_embd": 128, "dropout": 0.2, "weight_decay": 0.01, "cosine": true, "batch_size": 8, "params": 460544, "train_rows": 359, "val_rows": 90, "train_examples": 377, "synthetic_examples": 0, "seed": 3}
[cap-460K-s3] step 100 train 2.9159 val 2.9364
[cap-460K-s3] step 200 train 2.6788 val 2.7345
[cap-460K-s3] step 300 train 2.5839 val 2.6713
[cap-460K-s3] step 400 train 2.5130 val 2.6278
[cap-460K-s3] step 500 train 2.4693 val 2.6111
[cap-460K-s3] step 600 train 2.4406 val 2.6179
[cap-460K-s3] step 700 train 2.4030 val 2.5885
[cap-460K-s3] step 800 train 2.3784 val 2.5825
[cap-460K-s3] step 900 train 2.3580 val 2.5709
[cap-460K-s3] step 1000 train 2.3472 val 2.5709
[cap-460K-s3] step 1100 train 2.3410 val 2.5716
[cap-460K-s3] step 1200 train 2.3294 val 2.5649
[cap-460K-s3] DONE {"summary": true, "final_step": 1200, "final_train_full": 2.3294, "final_val": 2.5649, "best_step": 1200, "best_val": 2.5649, "best_train_full": 2.3294, "best_val_bits_per_char": 3.7634, "val_chars": 7050, "elapsed_s": 147.8, "samples": {"hello": " whe it that the ssthe core the thorus me f souserend to the", "the cat": " wous tor that ass d sal as the thatus ind whe fere wo the at ta", "why is": " wou we thathe d sthe acore the thoru ngre whe f re southe coun ", "boop": " wor"}}
[driver] finished cap-460K-s3
[driver] starting cap-132K-s1
/home/beckett/Projects/babble/.beckett/worktrees/run-20260821-booper-capacity-sweep-tokenizer-swap/.venv/lib/python3.12/site-packages/torch/_subclasses/functional_tensor.py:368: UserWarning: Failed to initialize NumPy: No module named 'numpy' (Triggered internally at /__w/pytorch/pytorch/torch/csrc/utils/tensor_numpy.cpp:84.)
  cpu = _conversion_method_template(device=torch.device("cpu"))
[cap-132K-s1] {"name": "cap-132K-s1", "steps": 1500, "lr": 0.0003, "n_layer": 2, "n_head": 2, "n_embd": 64, "dropout": 0.2, "weight_decay": 0.01, "cosine": true, "batch_size": 8, "params": 131968, "train_rows": 359, "val_rows": 90, "train_examples": 377, "synthetic_examples": 0, "seed": 1}
[cap-132K-s1] step 100 train 3.4102 val 3.4025
[cap-132K-s1] step 200 train 3.0903 val 3.0949
[cap-132K-s1] step 300 train 2.8827 val 2.9004
[cap-132K-s1] step 400 train 2.7674 val 2.8096
[cap-132K-s1] step 500 train 2.7062 val 2.7639
[cap-132K-s1] step 600 train 2.6493 val 2.7166
[cap-132K-s1] step 700 train 2.6241 val 2.6964
[cap-132K-s1] step 800 train 2.5928 val 2.6714
[cap-132K-s1] step 900 train 2.5778 val 2.6663
[cap-132K-s1] step 1000 train 2.5570 val 2.6532
[cap-132K-s1] step 1100 train 2.5491 val 2.6513
[cap-132K-s1] step 1200 train 2.5440 val 2.6480
[cap-132K-s1] step 1300 train 2.5353 val 2.6441
[cap-132K-s1] step 1400 train 2.5323 val 2.6396
[cap-132K-s1] step 1500 train 2.5275 val 2.6376
[cap-132K-s1] DONE {"summary": true, "final_step": 1500, "final_train_full": 2.5275, "final_val": 2.6376, "best_step": 1500, "best_val": 2.6376, "best_train_full": 2.5275, "best_val_bits_per_char": 3.8701, "val_chars": 7050, "elapsed_s": 87.1, "samples": {"hello": " t ange ore than pstoulo nthe ouso thi wou t bore the hel in in ", "the cat": "h bangou st than pthouthenthe s sore i wous clore t we whe there", "why is": " t angoure ye an pusoulo nthe s so thinende cathe the hel in in ", "boop": " t angoure y mat pe oulounthe s sore i wous cous athe hel in in "}}
[driver] finished cap-132K-s1
[driver] starting cap-132K-s2
/home/beckett/Projects/babble/.beckett/worktrees/run-20260821-booper-capacity-sweep-tokenizer-swap/.venv/lib/python3.12/site-packages/torch/_subclasses/functional_tensor.py:368: UserWarning: Failed to initialize NumPy: No module named 'numpy' (Triggered internally at /__w/pytorch/pytorch/torch/csrc/utils/tensor_numpy.cpp:84.)
  cpu = _conversion_method_template(device=torch.device("cpu"))
[cap-132K-s2] {"name": "cap-132K-s2", "steps": 1500, "lr": 0.0003, "n_layer": 2, "n_head": 2, "n_embd": 64, "dropout": 0.2, "weight_decay": 0.01, "cosine": true, "batch_size": 8, "params": 131968, "train_rows": 359, "val_rows": 90, "train_examples": 377, "synthetic_examples": 0, "seed": 2}
[cap-132K-s2] step 100 train 3.3908 val 3.3833
[cap-132K-s2] step 200 train 3.0888 val 3.0984
[cap-132K-s2] step 300 train 2.9028 val 2.9185
[cap-132K-s2] step 400 train 2.7698 val 2.8036
[cap-132K-s2] step 500 train 2.6950 val 2.7420
[cap-132K-s2] step 600 train 2.6532 val 2.7198
[cap-132K-s2] step 700 train 2.6158 val 2.6909
[cap-132K-s2] step 800 train 2.5938 val 2.6762
[cap-132K-s2] step 900 train 2.5748 val 2.6670
[cap-132K-s2] step 1000 train 2.5614 val 2.6554
[cap-132K-s2] step 1100 train 2.5477 val 2.6482
[cap-132K-s2] step 1200 train 2.5414 val 2.6464
[cap-132K-s2] step 1300 train 2.5379 val 2.6434
[cap-132K-s2] step 1400 train 2.5315 val 2.6405
[cap-132K-s2] step 1500 train 2.5303 val 2.6369
[cap-132K-s2] DONE {"summary": true, "final_step": 1500, "final_train_full": 2.5303, "final_val": 2.6369, "best_step": 1500, "best_val": 2.6369, "best_train_full": 2.5303, "best_val_bits_per_char": 3.869, "val_chars": 7050, "elapsed_s": 92.2, "samples": {"hello": " tho thacade thake con s ine bousonthe the", "the cat": "helly f cate thakes we so sousouson me ousous wenou the in sesou", "why is": " thou f cade thake con sa sthe thont be t thes inde the ithess a", "boop": " who thecade thake con s int be whe me the"}}
[driver] finished cap-132K-s2
[driver] starting cap-132K-s3
/home/beckett/Projects/babble/.beckett/worktrees/run-20260821-booper-capacity-sweep-tokenizer-swap/.venv/lib/python3.12/site-packages/torch/_subclasses/functional_tensor.py:368: UserWarning: Failed to initialize NumPy: No module named 'numpy' (Triggered internally at /__w/pytorch/pytorch/torch/csrc/utils/tensor_numpy.cpp:84.)
  cpu = _conversion_method_template(device=torch.device("cpu"))
[cap-132K-s3] {"name": "cap-132K-s3", "steps": 1500, "lr": 0.0003, "n_layer": 2, "n_head": 2, "n_embd": 64, "dropout": 0.2, "weight_decay": 0.01, "cosine": true, "batch_size": 8, "params": 131968, "train_rows": 359, "val_rows": 90, "train_examples": 377, "synthetic_examples": 0, "seed": 3}
[cap-132K-s3] step 100 train 3.3899 val 3.3810
[cap-132K-s3] step 200 train 3.1121 val 3.1176
[cap-132K-s3] step 300 train 2.9092 val 2.9299
[cap-132K-s3] step 400 train 2.7852 val 2.8246
[cap-132K-s3] step 500 train 2.7163 val 2.7704
[cap-132K-s3] step 600 train 2.6835 val 2.7492
[cap-132K-s3] step 700 train 2.6376 val 2.7120
[cap-132K-s3] step 800 train 2.6049 val 2.6909
[cap-132K-s3] step 900 train 2.5861 val 2.6753
[cap-132K-s3] step 1000 train 2.5717 val 2.6686
[cap-132K-s3] step 1100 train 2.5613 val 2.6639
[cap-132K-s3] step 1200 train 2.5519 val 2.6575
[cap-132K-s3] step 1300 train 2.5472 val 2.6529
[cap-132K-s3] step 1400 train 2.5414 val 2.6516
[cap-132K-s3] step 1500 train 2.5376 val 2.6483
[cap-132K-s3] DONE {"summary": true, "final_step": 1500, "final_train_full": 2.5376, "final_val": 2.6483, "best_step": 1500, "best_val": 2.6483, "best_train_full": 2.5376, "best_val_bits_per_char": 3.8858, "val_chars": 7050, "elapsed_s": 104.2, "samples": {"hello": " wore t touthe d se thacore the wasou nge f se oure wouthe coun ", "the cat": " worer are t t d se thacore thesthe inng ifondusthe we the cont ", "why is": " wore t that t d sode acore theses thange fonderere wo the coun ", "boop": " worer are t t d se thacore the wasou n te whe inreson t the"}}
[driver] finished cap-132K-s3
[driver] starting cap-37K-s1
/home/beckett/Projects/babble/.beckett/worktrees/run-20260821-booper-capacity-sweep-tokenizer-swap/.venv/lib/python3.12/site-packages/torch/_subclasses/functional_tensor.py:368: UserWarning: Failed to initialize NumPy: No module named 'numpy' (Triggered internally at /__w/pytorch/pytorch/torch/csrc/utils/tensor_numpy.cpp:84.)
  cpu = _conversion_method_template(device=torch.device("cpu"))
[cap-37K-s1] {"name": "cap-37K-s1", "steps": 2000, "lr": 0.0003, "n_layer": 2, "n_head": 2, "n_embd": 32, "dropout": 0.2, "weight_decay": 0.01, "cosine": true, "batch_size": 8, "params": 37312, "train_rows": 359, "val_rows": 90, "train_examples": 421, "synthetic_examples": 0, "seed": 1}
[cap-37K-s1] step 100 train 4.0380 val 4.0335
[cap-37K-s1] step 200 train 3.4076 val 3.3979
[cap-37K-s1] step 300 train 3.2831 val 3.2842
[cap-37K-s1] step 400 train 3.2140 val 3.2065
[cap-37K-s1] step 500 train 3.1677 val 3.1626
[cap-37K-s1] step 600 train 3.0961 val 3.0945
[cap-37K-s1] step 700 train 3.0144 val 3.0174
[cap-37K-s1] step 800 train 2.9546 val 2.9616
[cap-37K-s1] step 900 train 2.9133 val 2.9220
[cap-37K-s1] step 1000 train 2.8779 val 2.8894
[cap-37K-s1] step 1100 train 2.8484 val 2.8611
[cap-37K-s1] step 1200 train 2.8246 val 2.8378
[cap-37K-s1] step 1300 train 2.8097 val 2.8238
[cap-37K-s1] step 1400 train 2.7925 val 2.8069
[cap-37K-s1] step 1500 train 2.7840 val 2.7995
[cap-37K-s1] step 1600 train 2.7762 val 2.7925
[cap-37K-s1] step 1700 train 2.7692 val 2.7859
[cap-37K-s1] step 1800 train 2.7630 val 2.7812
[cap-37K-s1] step 1900 train 2.7587 val 2.7776
[cap-37K-s1] step 2000 train 2.7566 val 2.7749
[cap-37K-s1] DONE {"summary": true, "final_step": 2000, "final_train_full": 2.7566, "final_val": 2.7749, "best_step": 2000, "best_val": 2.7749, "best_train_full": 2.7566, "best_val_bits_per_char": 4.0715, "val_chars": 7050, "elapsed_s": 50.5, "samples": {"hello": " t anouler ne an pt oulo nn soo she t  wou t los anse hel in ir ", "the cat": " t anoulor ne an pt oule nnire g ce t  wou anlos anse hel in iro", "why is": "e banoulor ne an pt oulo nn soo se t i wou anlos anse hel in in ", "boop": " t anoulor ne an pt oulo nn soo se t i wou t los anse hel inlre "}}
[driver] finished cap-37K-s1
[driver] starting cap-37K-s2
/home/beckett/Projects/babble/.beckett/worktrees/run-20260821-booper-capacity-sweep-tokenizer-swap/.venv/lib/python3.12/site-packages/torch/_subclasses/functional_tensor.py:368: UserWarning: Failed to initialize NumPy: No module named 'numpy' (Triggered internally at /__w/pytorch/pytorch/torch/csrc/utils/tensor_numpy.cpp:84.)
  cpu = _conversion_method_template(device=torch.device("cpu"))
[cap-37K-s2] {"name": "cap-37K-s2", "steps": 2000, "lr": 0.0003, "n_layer": 2, "n_head": 2, "n_embd": 32, "dropout": 0.2, "weight_decay": 0.01, "cosine": true, "batch_size": 8, "params": 37312, "train_rows": 359, "val_rows": 90, "train_examples": 421, "synthetic_examples": 0, "seed": 2}
[cap-37K-s2] step 100 train 4.0451 val 4.0428
[cap-37K-s2] step 200 train 3.4161 val 3.4092
[cap-37K-s2] step 300 train 3.2843 val 3.2740
[cap-37K-s2] step 400 train 3.2121 val 3.2065
[cap-37K-s2] step 500 train 3.1525 val 3.1490
[cap-37K-s2] step 600 train 3.0843 val 3.0857
[cap-37K-s2] step 700 train 3.0189 val 3.0217
[cap-37K-s2] step 800 train 2.9703 val 2.9727
[cap-37K-s2] step 900 train 2.9372 val 2.9429
[cap-37K-s2] step 1000 train 2.8955 val 2.9032
[cap-37K-s2] step 1100 train 2.8621 val 2.8729
[cap-37K-s2] step 1200 train 2.8352 val 2.8478
[cap-37K-s2] step 1300 train 2.8164 val 2.8325
[cap-37K-s2] step 1400 train 2.8025 val 2.8190
[cap-37K-s2] step 1500 train 2.7885 val 2.8071
[cap-37K-s2] step 1600 train 2.7802 val 2.8004
[cap-37K-s2] step 1700 train 2.7706 val 2.7910
[cap-37K-s2] step 1800 train 2.7643 val 2.7841
[cap-37K-s2] step 1900 train 2.7604 val 2.7818
[cap-37K-s2] step 2000 train 2.7556 val 2.7775
[cap-37K-s2] DONE {"summary": true, "final_step": 2000, "final_train_full": 2.7556, "final_val": 2.7775, "best_step": 2000, "best_val": 2.7775, "best_train_full": 2.7556, "best_val_bits_per_char": 4.0753, "val_chars": 7050, "elapsed_s": 53.4, "samples": {"hello": "rell t t ade t", "the cat": " tho th cades n kes we s t ithe whe me  t thos ntou the n csesor", "why is": " tho th cade t", "boop": "e tho f cade t"}}
[driver] finished cap-37K-s2
[driver] starting cap-37K-s3
/home/beckett/Projects/babble/.beckett/worktrees/run-20260821-booper-capacity-sweep-tokenizer-swap/.venv/lib/python3.12/site-packages/torch/_subclasses/functional_tensor.py:368: UserWarning: Failed to initialize NumPy: No module named 'numpy' (Triggered internally at /__w/pytorch/pytorch/torch/csrc/utils/tensor_numpy.cpp:84.)
  cpu = _conversion_method_template(device=torch.device("cpu"))
[cap-37K-s3] {"name": "cap-37K-s3", "steps": 2000, "lr": 0.0003, "n_layer": 2, "n_head": 2, "n_embd": 32, "dropout": 0.2, "weight_decay": 0.01, "cosine": true, "batch_size": 8, "params": 37312, "train_rows": 359, "val_rows": 90, "train_examples": 421, "synthetic_examples": 0, "seed": 3}
[cap-37K-s3] step 100 train 4.0977 val 4.0938
[cap-37K-s3] step 200 train 3.4291 val 3.4228
[cap-37K-s3] step 300 train 3.2831 val 3.2727
[cap-37K-s3] step 400 train 3.2143 val 3.2098
[cap-37K-s3] step 500 train 3.1716 val 3.1703
[cap-37K-s3] step 600 train 3.1156 val 3.1179
[cap-37K-s3] step 700 train 3.0425 val 3.0452
[cap-37K-s3] step 800 train 2.9738 val 2.9763
[cap-37K-s3] step 900 train 2.9245 val 2.9320
[cap-37K-s3] step 1000 train 2.8770 val 2.8848
[cap-37K-s3] step 1100 train 2.8480 val 2.8582
[cap-37K-s3] step 1200 train 2.8244 val 2.8369
[cap-37K-s3] step 1300 train 2.8055 val 2.8199
[cap-37K-s3] step 1400 train 2.7916 val 2.8080
[cap-37K-s3] step 1500 train 2.7787 val 2.7972
[cap-37K-s3] step 1600 train 2.7686 val 2.7861
[cap-37K-s3] step 1700 train 2.7632 val 2.7814
[cap-37K-s3] step 1800 train 2.7588 val 2.7780
[cap-37K-s3] step 1900 train 2.7547 val 2.7743
[cap-37K-s3] step 2000 train 2.7507 val 2.7699
[cap-37K-s3] DONE {"summary": true, "final_step": 2000, "final_train_full": 2.7507, "final_val": 2.7699, "best_step": 2000, "best_val": 2.7699, "best_train_full": 2.7507, "best_val_bits_per_char": 4.0642, "val_chars": 7050, "elapsed_s": 55.5, "samples": {"hello": " wothe are t t a s de ace s the was u n ne whe onre we t t coun ", "the cat": " wonor are t t a s at ace s thes as u n ne whe onre we t t coun ", "why is": " wothe are t t a s at ace s thes as u n n fes uonre wo w th men ", "boop": " wothe are t t a s d bace s thes as u n ne whe onres t t t coun "}}
[driver] finished cap-37K-s3
[driver] starting cap-25K-s1
/home/beckett/Projects/babble/.beckett/worktrees/run-20260821-booper-capacity-sweep-tokenizer-swap/.venv/lib/python3.12/site-packages/torch/_subclasses/functional_tensor.py:368: UserWarning: Failed to initialize NumPy: No module named 'numpy' (Triggered internally at /__w/pytorch/pytorch/torch/csrc/utils/tensor_numpy.cpp:84.)
  cpu = _conversion_method_template(device=torch.device("cpu"))
[cap-25K-s1] {"name": "cap-25K-s1", "steps": 2000, "lr": 0.0003, "n_layer": 1, "n_head": 2, "n_embd": 32, "dropout": 0.2, "weight_decay": 0.01, "cosine": true, "batch_size": 8, "params": 24896, "train_rows": 359, "val_rows": 90, "train_examples": 421, "synthetic_examples": 0, "seed": 1}
[cap-25K-s1] step 100 train 4.0729 val 4.0720
[cap-25K-s1] step 200 train 3.4056 val 3.3993
[cap-25K-s1] step 300 train 3.2778 val 3.2669
[cap-25K-s1] step 400 train 3.2243 val 3.2187
[cap-25K-s1] step 500 train 3.1957 val 3.1953
[cap-25K-s1] step 600 train 3.1663 val 3.1635
[cap-25K-s1] step 700 train 3.1476 val 3.1476
[cap-25K-s1] step 800 train 3.1337 val 3.1381
[cap-25K-s1] step 900 train 3.1176 val 3.1222
[cap-25K-s1] step 1000 train 3.0996 val 3.1095
[cap-25K-s1] step 1100 train 3.0840 val 3.0980
[cap-25K-s1] step 1200 train 3.0669 val 3.0817
[cap-25K-s1] step 1300 train 3.0482 val 3.0647
[cap-25K-s1] step 1400 train 3.0285 val 3.0449
[cap-25K-s1] step 1500 train 3.0099 val 3.0257
[cap-25K-s1] step 1600 train 2.9961 val 3.0107
[cap-25K-s1] step 1700 train 2.9856 val 3.0002
[cap-25K-s1] step 1800 train 2.9760 val 2.9913
[cap-25K-s1] step 1900 train 2.9688 val 2.9841
[cap-25K-s1] step 2000 train 2.9614 val 2.9767
[cap-25K-s1] DONE {"summary": true, "final_step": 2000, "final_train_full": 2.9614, "final_val": 2.9767, "best_step": 2000, "best_val": 2.9767, "best_train_full": 2.9614, "best_val_bits_per_char": 4.3675, "val_chars": 7050, "elapsed_s": 33.4, "samples": {"hello": "   ahee os  heaa ptgoeoo nn roo he t i e ue   ts ats keel  o rr ", "the cat": "    hee os  heaa ptgoeoo nn r o he t i e ue  l s at wkeel  t rr ", "why is": "    hee os  heai ptgoeoo nn roo he t i e ue   ts atse hel  o r  ", "boop": "e  ahee os  heaa ptgoeoo nn r o he t i e ue  l s atse hel  o rr "}}
[driver] finished cap-25K-s1
[driver] starting cap-25K-s2
/home/beckett/Projects/babble/.beckett/worktrees/run-20260821-booper-capacity-sweep-tokenizer-swap/.venv/lib/python3.12/site-packages/torch/_subclasses/functional_tensor.py:368: UserWarning: Failed to initialize NumPy: No module named 'numpy' (Triggered internally at /__w/pytorch/pytorch/torch/csrc/utils/tensor_numpy.cpp:84.)
  cpu = _conversion_method_template(device=torch.device("cpu"))
[cap-25K-s2] {"name": "cap-25K-s2", "steps": 2000, "lr": 0.0003, "n_layer": 1, "n_head": 2, "n_embd": 32, "dropout": 0.2, "weight_decay": 0.01, "cosine": true, "batch_size": 8, "params": 24896, "train_rows": 359, "val_rows": 90, "train_examples": 421, "synthetic_examples": 0, "seed": 2}
[cap-25K-s2] step 100 train 4.0745 val 4.0723
[cap-25K-s2] step 200 train 3.4181 val 3.4107
[cap-25K-s2] step 300 train 3.2750 val 3.2666
[cap-25K-s2] step 400 train 3.2308 val 3.2251
[cap-25K-s2] step 500 train 3.1902 val 3.1870
[cap-25K-s2] step 600 train 3.1647 val 3.1660
[cap-25K-s2] step 700 train 3.1405 val 3.1428
[cap-25K-s2] step 800 train 3.1237 val 3.1297
[cap-25K-s2] step 900 train 3.1054 val 3.1134
[cap-25K-s2] step 1000 train 3.0825 val 3.0938
[cap-25K-s2] step 1100 train 3.0559 val 3.0693
[cap-25K-s2] step 1200 train 3.0274 val 3.0408
[cap-25K-s2] step 1300 train 3.0066 val 3.0204
[cap-25K-s2] step 1400 train 2.9845 val 2.9982
[cap-25K-s2] step 1500 train 2.9695 val 2.9844
[cap-25K-s2] step 1600 train 2.9569 val 2.9735
[cap-25K-s2] step 1700 train 2.9489 val 2.9658
[cap-25K-s2] step 1800 train 2.9416 val 2.9582
[cap-25K-s2] step 1900 train 2.9343 val 2.9515
[cap-25K-s2] step 2000 train 2.9287 val 2.9465
[cap-25K-s2] DONE {"summary": true, "final_step": 2000, "final_train_full": 2.9287, "final_val": 2.9465, "best_step": 2000, "best_val": 2.9465, "best_train_full": 2.9287, "best_val_bits_per_char": 4.3232, "val_chars": 7050, "elapsed_s": 30.5, "samples": {"hello": "t th hf ca eern ke h a in  i i he mtme  t hs s in e t a o  sssta", "the cat": "t tloof ca eirn ke h a in  i i he mtme  t hs s in s t a o   aso ", "why is": "t tloof ca eern ke h a in  i i he me ha t hs s in e t a o   asta", "boop": "t ll hf caeeern ke h a in ae i he mtme  t hs s in e the o   asta"}}
[driver] finished cap-25K-s2
[driver] starting cap-25K-s3
/home/beckett/Projects/babble/.beckett/worktrees/run-20260821-booper-capacity-sweep-tokenizer-swap/.venv/lib/python3.12/site-packages/torch/_subclasses/functional_tensor.py:368: UserWarning: Failed to initialize NumPy: No module named 'numpy' (Triggered internally at /__w/pytorch/pytorch/torch/csrc/utils/tensor_numpy.cpp:84.)
  cpu = _conversion_method_template(device=torch.device("cpu"))
[cap-25K-s3] {"name": "cap-25K-s3", "steps": 2000, "lr": 0.0003, "n_layer": 1, "n_head": 2, "n_embd": 32, "dropout": 0.2, "weight_decay": 0.01, "cosine": true, "batch_size": 8, "params": 24896, "train_rows": 359, "val_rows": 90, "train_examples": 421, "synthetic_examples": 0, "seed": 3}
[cap-25K-s3] step 100 train 4.1008 val 4.1016
[cap-25K-s3] step 200 train 3.4223 val 3.4195
[cap-25K-s3] step 300 train 3.2719 val 3.2656
[cap-25K-s3] step 400 train 3.2268 val 3.2218
[cap-25K-s3] step 500 train 3.1882 val 3.1862
[cap-25K-s3] step 600 train 3.1601 val 3.1603
[cap-25K-s3] step 700 train 3.1386 val 3.1423
[cap-25K-s3] step 800 train 3.1204 val 3.1281
[cap-25K-s3] step 900 train 3.1013 val 3.1157
[cap-25K-s3] step 1000 train 3.0841 val 3.0996
[cap-25K-s3] step 1100 train 3.0642 val 3.0839
[cap-25K-s3] step 1200 train 3.0448 val 3.0641
[cap-25K-s3] step 1300 train 3.0200 val 3.0406
[cap-25K-s3] step 1400 train 2.9942 val 3.0145
[cap-25K-s3] step 1500 train 2.9742 val 2.9947
[cap-25K-s3] step 1600 train 2.9585 val 2.9790
[cap-25K-s3] step 1700 train 2.9454 val 2.9656
[cap-25K-s3] step 1800 train 2.9344 val 2.9557
[cap-25K-s3] step 1900 train 2.9273 val 2.9488
[cap-25K-s3] step 2000 train 2.9207 val 2.9424
[cap-25K-s3] DONE {"summary": true, "final_step": 2000, "final_train_full": 2.9207, "final_val": 2.9424, "best_step": 2000, "best_val": 2.9424, "best_train_full": 2.9207, "best_val_bits_per_char": 4.3172, "val_chars": 7050, "elapsed_s": 31.2, "samples": {"hello": " woooo are t t h s    a   s  oe tay uan ne ws uoere w  t t  ", "the cat": " woooo are t t h s    ac  s  ie tas uan ne we uoere w  t t  ", "why is": " woooo are t t h s    a   s  oe ta tuan ne ws uoere  n t t  ", "boop": " woooo are t t h s   u c  s  ies ay uan ne we uoere  n t t  "}}
[driver] finished cap-25K-s3
[driver] starting cap-9K-s1
/home/beckett/Projects/babble/.beckett/worktrees/run-20260821-booper-capacity-sweep-tokenizer-swap/.venv/lib/python3.12/site-packages/torch/_subclasses/functional_tensor.py:368: UserWarning: Failed to initialize NumPy: No module named 'numpy' (Triggered internally at /__w/pytorch/pytorch/torch/csrc/utils/tensor_numpy.cpp:84.)
  cpu = _conversion_method_template(device=torch.device("cpu"))
[cap-9K-s1] {"name": "cap-9K-s1", "steps": 2000, "lr": 0.0003, "n_layer": 1, "n_head": 1, "n_embd": 16, "dropout": 0.2, "weight_decay": 0.01, "cosine": true, "batch_size": 8, "params": 9376, "train_rows": 359, "val_rows": 90, "train_examples": 421, "synthetic_examples": 0, "seed": 1}
[cap-9K-s1] step 100 train 4.7002 val 4.6978
[cap-9K-s1] step 200 train 4.0067 val 4.0036
[cap-9K-s1] step 300 train 3.5968 val 3.5926
[cap-9K-s1] step 400 train 3.4062 val 3.3971
[cap-9K-s1] step 500 train 3.3195 val 3.3097
[cap-9K-s1] step 600 train 3.2766 val 3.2686
[cap-9K-s1] step 700 train 3.2541 val 3.2464
[cap-9K-s1] step 800 train 3.2350 val 3.2303
[cap-9K-s1] step 900 train 3.2166 val 3.2120
[cap-9K-s1] step 1000 train 3.2034 val 3.1993
[cap-9K-s1] step 1100 train 3.1941 val 3.1906
[cap-9K-s1] step 1200 train 3.1851 val 3.1820
[cap-9K-s1] step 1300 train 3.1796 val 3.1769
[cap-9K-s1] step 1400 train 3.1751 val 3.1733
[cap-9K-s1] step 1500 train 3.1712 val 3.1699
[cap-9K-s1] step 1600 train 3.1691 val 3.1682
[cap-9K-s1] step 1700 train 3.1665 val 3.1661
[cap-9K-s1] step 1800 train 3.1644 val 3.1646
[cap-9K-s1] step 1900 train 3.1635 val 3.1638
[cap-9K-s1] step 2000 train 3.1626 val 3.1631
[cap-9K-s1] DONE {"summary": true, "final_step": 2000, "final_train_full": 3.1626, "final_val": 3.1631, "best_step": 2000, "best_val": 3.1631, "best_train_full": 3.1626, "best_val_bits_per_char": 4.6411, "val_chars": 7050, "elapsed_s": 23.6, "samples": {"hello": "    hoelest heai ptgoeo  nn roo  c   i enue   ts ausekhel    rr ", "the cat": "    heelest heai ptgoeo  nn roo  c   i enue   ts eusekhel    rr ", "why is": "    hoelest heai ptgoeo  nn roo  c   i enue   ts ausekhel    rr ", "boop": "    hoelest heai ptgoeo  nn roo  c   i enue   ts eusekhel    rr "}}
[driver] finished cap-9K-s1
[driver] starting cap-9K-s2
/home/beckett/Projects/babble/.beckett/worktrees/run-20260821-booper-capacity-sweep-tokenizer-swap/.venv/lib/python3.12/site-packages/torch/_subclasses/functional_tensor.py:368: UserWarning: Failed to initialize NumPy: No module named 'numpy' (Triggered internally at /__w/pytorch/pytorch/torch/csrc/utils/tensor_numpy.cpp:84.)
  cpu = _conversion_method_template(device=torch.device("cpu"))
[cap-9K-s2] {"name": "cap-9K-s2", "steps": 2000, "lr": 0.0003, "n_layer": 1, "n_head": 1, "n_embd": 16, "dropout": 0.2, "weight_decay": 0.01, "cosine": true, "batch_size": 8, "params": 9376, "train_rows": 359, "val_rows": 90, "train_examples": 421, "synthetic_examples": 0, "seed": 2}
[cap-9K-s2] step 100 train 4.7064 val 4.7066
[cap-9K-s2] step 200 train 4.0362 val 4.0346
[cap-9K-s2] step 300 train 3.6252 val 3.6203
[cap-9K-s2] step 400 train 3.4200 val 3.4137
[cap-9K-s2] step 500 train 3.3269 val 3.3190
[cap-9K-s2] step 600 train 3.2800 val 3.2735
[cap-9K-s2] step 700 train 3.2508 val 3.2459
[cap-9K-s2] step 800 train 3.2288 val 3.2262
[cap-9K-s2] step 900 train 3.2089 val 3.2060
[cap-9K-s2] step 1000 train 3.1980 val 3.1954
[cap-9K-s2] step 1100 train 3.1862 val 3.1831
[cap-9K-s2] step 1200 train 3.1791 val 3.1761
[cap-9K-s2] step 1300 train 3.1727 val 3.1701
[cap-9K-s2] step 1400 train 3.1696 val 3.1675
[cap-9K-s2] step 1500 train 3.1661 val 3.1644
[cap-9K-s2] step 1600 train 3.1620 val 3.1606
[cap-9K-s2] step 1700 train 3.1604 val 3.1589
[cap-9K-s2] step 1800 train 3.1585 val 3.1571
[cap-9K-s2] step 1900 train 3.1566 val 3.1551
[cap-9K-s2] step 2000 train 3.1550 val 3.1542
[cap-9K-s2] DONE {"summary": true, "final_step": 2000, "final_train_full": 3.155, "final_val": 3.1542, "best_step": 2000, "best_val": 3.1542, "best_train_full": 3.155, "best_val_bits_per_char": 4.628, "val_chars": 7050, "elapsed_s": 22.4, "samples": {"hello": "t ll  f ca eirn k so   s   i      ttm   t ", "the cat": "t ll  f caeeirn k sa   s   i      ttm   t ", "why is": "t ll  f ca eirn k so   s   i      ttm   t ", "boop": "t ll  f ca eirn k so   s   i      ttm   t "}}
[driver] finished cap-9K-s2
[driver] starting cap-9K-s3
/home/beckett/Projects/babble/.beckett/worktrees/run-20260821-booper-capacity-sweep-tokenizer-swap/.venv/lib/python3.12/site-packages/torch/_subclasses/functional_tensor.py:368: UserWarning: Failed to initialize NumPy: No module named 'numpy' (Triggered internally at /__w/pytorch/pytorch/torch/csrc/utils/tensor_numpy.cpp:84.)
  cpu = _conversion_method_template(device=torch.device("cpu"))
[cap-9K-s3] {"name": "cap-9K-s3", "steps": 2000, "lr": 0.0003, "n_layer": 1, "n_head": 1, "n_embd": 16, "dropout": 0.2, "weight_decay": 0.01, "cosine": true, "batch_size": 8, "params": 9376, "train_rows": 359, "val_rows": 90, "train_examples": 421, "synthetic_examples": 0, "seed": 3}
[cap-9K-s3] step 100 train 4.7142 val 4.7130
[cap-9K-s3] step 200 train 4.0290 val 4.0296
[cap-9K-s3] step 300 train 3.6180 val 3.6127
[cap-9K-s3] step 400 train 3.4182 val 3.4098
[cap-9K-s3] step 500 train 3.3252 val 3.3168
[cap-9K-s3] step 600 train 3.2794 val 3.2728
[cap-9K-s3] step 700 train 3.2528 val 3.2478
[cap-9K-s3] step 800 train 3.2335 val 3.2278
[cap-9K-s3] step 900 train 3.2182 val 3.2120
[cap-9K-s3] step 1000 train 3.2044 val 3.1992
[cap-9K-s3] step 1100 train 3.1930 val 3.1887
[cap-9K-s3] step 1200 train 3.1861 val 3.1819
[cap-9K-s3] step 1300 train 3.1786 val 3.1742
[cap-9K-s3] step 1400 train 3.1741 val 3.1705
[cap-9K-s3] step 1500 train 3.1700 val 3.1670
[cap-9K-s3] step 1600 train 3.1671 val 3.1644
[cap-9K-s3] step 1700 train 3.1651 val 3.1624
[cap-9K-s3] step 1800 train 3.1638 val 3.1614
[cap-9K-s3] step 1900 train 3.1620 val 3.1595
[cap-9K-s3] step 2000 train 3.1606 val 3.1582
[cap-9K-s3] DONE {"summary": true, "final_step": 2000, "final_train_full": 3.1606, "final_val": 3.1582, "best_step": 2000, "best_val": 3.1582, "best_train_full": 3.1606, "best_val_bits_per_char": 4.6338, "val_chars": 7050, "elapsed_s": 22.4, "samples": {"hello": " eoth  ara   t d ss       sw oes a  uan  e  s uoeres   t ts ", "the cat": " eoth  ara   t d ss       sw oes a  u n  e  s uoeres   t ts ", "why is": " eoth  ara   t d ss       sw oes a  u n  e  s uoeres   t ts ", "boop": " eoth  ara   t d ss       sw oes a  uan  e  s uoeres   t ts "}}
[driver] finished cap-9K-s3
[driver] starting cap-3K-s1
/home/beckett/Projects/babble/.beckett/worktrees/run-20260821-booper-capacity-sweep-tokenizer-swap/.venv/lib/python3.12/site-packages/torch/_subclasses/functional_tensor.py:368: UserWarning: Failed to initialize NumPy: No module named 'numpy' (Triggered internally at /__w/pytorch/pytorch/torch/csrc/utils/tensor_numpy.cpp:84.)
  cpu = _conversion_method_template(device=torch.device("cpu"))
[cap-3K-s1] {"name": "cap-3K-s1", "steps": 2000, "lr": 0.0003, "n_layer": 1, "n_head": 1, "n_embd": 8, "dropout": 0.2, "weight_decay": 0.01, "cosine": true, "batch_size": 8, "params": 3408, "train_rows": 359, "val_rows": 90, "train_examples": 547, "synthetic_examples": 0, "seed": 1}
[cap-3K-s1] step 100 train 5.1277 val 5.1273
[cap-3K-s1] step 200 train 4.6697 val 4.6688
[cap-3K-s1] step 300 train 4.2588 val 4.2554
[cap-3K-s1] step 400 train 3.9324 val 3.9273
[cap-3K-s1] step 500 train 3.7023 val 3.6958
[cap-3K-s1] step 600 train 3.5452 val 3.5366
[cap-3K-s1] step 700 train 3.4429 val 3.4329
[cap-3K-s1] step 800 train 3.3789 val 3.3693
[cap-3K-s1] step 900 train 3.3380 val 3.3281
[cap-3K-s1] step 1000 train 3.3113 val 3.3013
[cap-3K-s1] step 1100 train 3.2940 val 3.2842
[cap-3K-s1] step 1200 train 3.2823 val 3.2722
[cap-3K-s1] step 1300 train 3.2738 val 3.2636
[cap-3K-s1] step 1400 train 3.2681 val 3.2580
[cap-3K-s1] step 1500 train 3.2636 val 3.2537
[cap-3K-s1] step 1600 train 3.2603 val 3.2505
[cap-3K-s1] step 1700 train 3.2580 val 3.2483
[cap-3K-s1] step 1800 train 3.2560 val 3.2464
[cap-3K-s1] step 1900 train 3.2545 val 3.2448
[cap-3K-s1] step 2000 train 3.2529 val 3.2434
[cap-3K-s1] DONE {"summary": true, "final_step": 2000, "final_train_full": 3.2529, "final_val": 3.2434, "best_step": 2000, "best_val": 3.2434, "best_train_full": 3.2529, "best_val_bits_per_char": 4.7589, "val_chars": 7050, "elapsed_s": 15.3, "samples": {"hello": "    hoelest heai ptgoeoo nniroo  c   i enue   ts ausekhel    rr ", "the cat": "    hoelest heai ptgoeoo nniroo  c   i enue   ts ausekhel    rr ", "why is": "    hoelest heai ptgoeoo nniroo  c   i enue   ts ausekhel    rr ", "boop": "    hoelest heai ptgoeoo nniroo  c   i enue   ts ausekhel    rr "}}
[driver] finished cap-3K-s1
[driver] starting cap-3K-s2
/home/beckett/Projects/babble/.beckett/worktrees/run-20260821-booper-capacity-sweep-tokenizer-swap/.venv/lib/python3.12/site-packages/torch/_subclasses/functional_tensor.py:368: UserWarning: Failed to initialize NumPy: No module named 'numpy' (Triggered internally at /__w/pytorch/pytorch/torch/csrc/utils/tensor_numpy.cpp:84.)
  cpu = _conversion_method_template(device=torch.device("cpu"))
[cap-3K-s2] {"name": "cap-3K-s2", "steps": 2000, "lr": 0.0003, "n_layer": 1, "n_head": 1, "n_embd": 8, "dropout": 0.2, "weight_decay": 0.01, "cosine": true, "batch_size": 8, "params": 3408, "train_rows": 359, "val_rows": 90, "train_examples": 547, "synthetic_examples": 0, "seed": 2}
[cap-3K-s2] step 100 train 5.1231 val 5.1220
[cap-3K-s2] step 200 train 4.6783 val 4.6768
[cap-3K-s2] step 300 train 4.2779 val 4.2748
[cap-3K-s2] step 400 train 3.9550 val 3.9508
[cap-3K-s2] step 500 train 3.7156 val 3.7092
[cap-3K-s2] step 600 train 3.5568 val 3.5495
[cap-3K-s2] step 700 train 3.4524 val 3.4447
[cap-3K-s2] step 800 train 3.3861 val 3.3775
[cap-3K-s2] step 900 train 3.3439 val 3.3347
[cap-3K-s2] step 1000 train 3.3165 val 3.3069
[cap-3K-s2] step 1100 train 3.2976 val 3.2882
[cap-3K-s2] step 1200 train 3.2843 val 3.2754
[cap-3K-s2] step 1300 train 3.2748 val 3.2659
[cap-3K-s2] step 1400 train 3.2679 val 3.2593
[cap-3K-s2] step 1500 train 3.2626 val 3.2541
[cap-3K-s2] step 1600 train 3.2586 val 3.2503
[cap-3K-s2] step 1700 train 3.2552 val 3.2468
[cap-3K-s2] step 1800 train 3.2529 val 3.2446
[cap-3K-s2] step 1900 train 3.2506 val 3.2425
[cap-3K-s2] step 2000 train 3.2488 val 3.2409
[cap-3K-s2] DONE {"summary": true, "final_step": 2000, "final_train_full": 3.2488, "final_val": 3.2409, "best_step": 2000, "best_val": 3.2409, "best_train_full": 3.2488, "best_val_bits_per_char": 4.7552, "val_chars": 7050, "elapsed_s": 13.7, "samples": {"hello": "t ll  f caeeirn k sa   sn  i     omtmes t ", "the cat": "t ll  f caeeirn k sa   sn  i     omtmes t ", "why is": "t ll  f caeeirn k sa   sn  i     omtmes t ", "boop": "t ll  f caeeirn k sa   sn  i     omtmes t "}}
[driver] finished cap-3K-s2
[driver] starting cap-3K-s3
/home/beckett/Projects/babble/.beckett/worktrees/run-20260821-booper-capacity-sweep-tokenizer-swap/.venv/lib/python3.12/site-packages/torch/_subclasses/functional_tensor.py:368: UserWarning: Failed to initialize NumPy: No module named 'numpy' (Triggered internally at /__w/pytorch/pytorch/torch/csrc/utils/tensor_numpy.cpp:84.)
  cpu = _conversion_method_template(device=torch.device("cpu"))
[cap-3K-s3] {"name": "cap-3K-s3", "steps": 2000, "lr": 0.0003, "n_layer": 1, "n_head": 1, "n_embd": 8, "dropout": 0.2, "weight_decay": 0.01, "cosine": true, "batch_size": 8, "params": 3408, "train_rows": 359, "val_rows": 90, "train_examples": 547, "synthetic_examples": 0, "seed": 3}
[cap-3K-s3] step 100 train 5.1033 val 5.1027
[cap-3K-s3] step 200 train 4.6593 val 4.6578
[cap-3K-s3] step 300 train 4.2610 val 4.2578
[cap-3K-s3] step 400 train 3.9409 val 3.9369
[cap-3K-s3] step 500 train 3.7087 val 3.7030
[cap-3K-s3] step 600 train 3.5493 val 3.5425
[cap-3K-s3] step 700 train 3.4478 val 3.4404
[cap-3K-s3] step 800 train 3.3841 val 3.3759
[cap-3K-s3] step 900 train 3.3418 val 3.3333
[cap-3K-s3] step 1000 train 3.3152 val 3.3063
[cap-3K-s3] step 1100 train 3.2971 val 3.2879
[cap-3K-s3] step 1200 train 3.2847 val 3.2762
[cap-3K-s3] step 1300 train 3.2754 val 3.2670
[cap-3K-s3] step 1400 train 3.2691 val 3.2608
[cap-3K-s3] step 1500 train 3.2641 val 3.2560
[cap-3K-s3] step 1600 train 3.2603 val 3.2524
[cap-3K-s3] step 1700 train 3.2575 val 3.2496
[cap-3K-s3] step 1800 train 3.2553 val 3.2474
[cap-3K-s3] step 1900 train 3.2533 val 3.2455
[cap-3K-s3] step 2000 train 3.2515 val 3.2439
[cap-3K-s3] DONE {"summary": true, "final_step": 2000, "final_train_full": 3.2515, "final_val": 3.2439, "best_step": 2000, "best_val": 3.2439, "best_train_full": 3.2515, "best_val_bits_per_char": 4.7596, "val_chars": 7050, "elapsed_s": 14.1, "samples": {"hello": " eoth  ara   t d ss       sw oes a  uan  el s uoeres   t ts ", "the cat": " eoth  ara   t d ss       sw oes a  uan  el s uoeres   t ts ", "why is": " eoth  ara   t d ss       sw oes a  uan  el s uoeres   t ts ", "boop": " eoth  ara   t d ss       sw oes a  uan  el s uoeres   t ts "}}
[driver] finished cap-3K-s3
[driver] CAPACITY_SWEEP_DONE
