/home/beckett/Projects/babble/.beckett/worktrees/run-20260820-revamp-the-training-pipeline-corpus-inte/.venv/lib/python3.12/site-packages/torch/_subclasses/functional_tensor.py:368: UserWarning: Failed to initialize NumPy: No module named 'numpy' (Triggered internally at /__w/pytorch/pytorch/torch/csrc/utils/tensor_numpy.cpp:84.)
  cpu = _conversion_method_template(device=torch.device("cpu"))
[cap-1M-4k] {"name": "cap-1M-4k", "steps": 4000, "lr": 0.001, "n_layer": 3, "n_head": 4, "n_embd": 160, "dropout": 0.0, "weight_decay": 0.01, "cosine": false, "batch_size": 8, "params": 1047360, "train_rows": 326, "val_rows": 81, "train_examples": 328, "synthetic_examples": 0, "seed": 1}
[cap-1M-4k] step 200 train 2.4067 val 2.6793
[cap-1M-4k] step 400 train 2.1115 val 2.8094
[cap-1M-4k] step 600 train 1.7674 val 3.0771
[cap-1M-4k] step 800 train 1.2822 val 3.5106
[cap-1M-4k] step 1000 train 0.9533 val 3.9381
[cap-1M-4k] step 1200 train 0.7280 val 4.3607
[cap-1M-4k] step 1400 train 0.5388 val 4.7133
[cap-1M-4k] step 1600 train 0.3989 val 4.9697
[cap-1M-4k] step 1800 train 0.2931 val 5.2118
[cap-1M-4k] step 2000 train 0.3004 val 5.4748
[cap-1M-4k] step 2200 train 0.2709 val 5.5798
[cap-1M-4k] step 2400 train 0.2474 val 5.7288
[cap-1M-4k] step 2600 train 0.2204 val 5.7054
[cap-1M-4k] step 2800 train 0.2140 val 5.8907
[cap-1M-4k] step 3000 train 0.2193 val 6.0360
[cap-1M-4k] step 3200 train 0.2213 val 6.2422
[cap-1M-4k] step 3400 train 0.2116 val 6.2894
[cap-1M-4k] step 3600 train 0.1882 val 6.3157
[cap-1M-4k] step 3800 train 0.2049 val 6.3797
[cap-1M-4k] step 4000 train 0.1762 val 6.4974
[cap-1M-4k] DONE {"summary": true, "final_step": 4000, "final_train_full": 0.1762, "final_val": 6.4974, "best_step": 200, "best_val": 2.6793, "best_train_full": 2.4067, "elapsed_s": 621.3, "samples": {"hello": " t angous", "the cat": " t angalon whe waps ouge nnd tore a wa wore clore bulihe w f wan", "why is": " t ange be nemang theelo nthanorecta ind we cat ind wine t flind", "boop": ""}}
