/home/beckett/Projects/babble/.beckett/worktrees/run-20260820-revamp-the-training-pipeline-corpus-inte/.venv/lib/python3.12/site-packages/torch/_subclasses/functional_tensor.py:368: UserWarning: Failed to initialize NumPy: No module named 'numpy' (Triggered internally at /__w/pytorch/pytorch/torch/csrc/utils/tensor_numpy.cpp:84.)
  cpu = _conversion_method_template(device=torch.device("cpu"))
[cap-150k-4k] {"name": "cap-150k-4k", "steps": 4000, "lr": 0.001, "n_layer": 2, "n_head": 4, "n_embd": 64, "dropout": 0.0, "weight_decay": 0.01, "cosine": false, "batch_size": 8, "params": 148352, "train_rows": 326, "val_rows": 81, "train_examples": 328, "synthetic_examples": 0, "seed": 1}
[cap-150k-4k] step 200 train 2.5905 val 2.7381
[cap-150k-4k] step 400 train 2.3929 val 2.7046
[cap-150k-4k] step 600 train 2.2653 val 2.7299
[cap-150k-4k] step 800 train 2.1001 val 2.7986
[cap-150k-4k] step 1000 train 1.9648 val 2.8974
[cap-150k-4k] step 1200 train 1.8155 val 2.9979
[cap-150k-4k] step 1400 train 1.6459 val 3.1511
[cap-150k-4k] step 1600 train 1.5021 val 3.4286
[cap-150k-4k] step 1800 train 1.2951 val 3.5092
[cap-150k-4k] step 2000 train 1.1692 val 3.8064
[cap-150k-4k] step 2200 train 1.0544 val 3.9976
[cap-150k-4k] step 2400 train 0.8805 val 4.2623
[cap-150k-4k] step 2600 train 0.7965 val 4.4639
[cap-150k-4k] step 2800 train 0.6685 val 4.7388
[cap-150k-4k] step 3000 train 0.5519 val 4.9426
[cap-150k-4k] step 3200 train 0.5258 val 5.1641
[cap-150k-4k] step 3400 train 0.5163 val 5.3417
[cap-150k-4k] step 3600 train 0.4110 val 5.6349
[cap-150k-4k] step 3800 train 0.3755 val 5.8022
[cap-150k-4k] step 4000 train 0.3288 val 5.9990
[cap-150k-4k] DONE {"summary": true, "final_step": 4000, "final_train_full": 0.3288, "final_val": 5.999, "best_step": 400, "best_val": 2.7046, "best_train_full": 2.3929, "elapsed_s": 163.9, "samples": {"hello": " t anoulo", "the cat": " t athal s noman pse e thand touso t ine we tho s the hel inore ", "why is": " thange ont thathathe t thathoo s tha te t andor suse mel tolind", "boop": " t anoul st that pusonon and th so tha wous co susus ate thanore"}}
