/home/beckett/Projects/babble/.beckett/worktrees/run-20260820-revamp-the-training-pipeline-corpus-inte/.venv/lib/python3.12/site-packages/torch/_subclasses/functional_tensor.py:368: UserWarning: Failed to initialize NumPy: No module named 'numpy' (Triggered internally at /__w/pytorch/pytorch/torch/csrc/utils/tensor_numpy.cpp:84.)
  cpu = _conversion_method_template(device=torch.device("cpu"))
[b-drop0.2-lr3e-4-s1] {"name": "b-drop0.2-lr3e-4-s1", "steps": 1000, "lr": 0.0003, "n_layer": 4, "n_head": 4, "n_embd": 256, "dropout": 0.2, "weight_decay": 0.01, "cosine": true, "batch_size": 8, "params": 3347968, "train_rows": 326, "val_rows": 81, "train_examples": 328, "synthetic_examples": 0, "seed": 1}
[b-drop0.2-lr3e-4-s1] step 50 train 2.8279 val 2.9007
/home/beckett/Projects/babble/.beckett/worktrees/run-20260820-revamp-the-training-pipeline-corpus-inte/.venv/lib/python3.12/site-packages/torch/_subclasses/functional_tensor.py:368: UserWarning: Failed to initialize NumPy: No module named 'numpy' (Triggered internally at /__w/pytorch/pytorch/torch/csrc/utils/tensor_numpy.cpp:84.)
  cpu = _conversion_method_template(device=torch.device("cpu"))
[b-drop0.2-lr3e-4-s1] {"name": "b-drop0.2-lr3e-4-s1", "steps": 1000, "lr": 0.0003, "n_layer": 4, "n_head": 4, "n_embd": 256, "dropout": 0.2, "weight_decay": 0.01, "cosine": true, "batch_size": 8, "params": 3347968, "train_rows": 326, "val_rows": 81, "train_examples": 328, "synthetic_examples": 0, "seed": 1}
[b-drop0.2-lr3e-4-s1] step 50 train 2.8279 val 2.9007
[b-drop0.2-lr3e-4-s1] step 100 train 2.6580 val 2.7659
[b-drop0.2-lr3e-4-s1] step 150 train 2.5300 val 2.6698
[b-drop0.2-lr3e-4-s1] step 200 train 2.4519 val 2.6538
[b-drop0.2-lr3e-4-s1] step 250 train 2.4038 val 2.6595
[b-drop0.2-lr3e-4-s1] step 300 train 2.3508 val 2.6180
[b-drop0.2-lr3e-4-s1] step 350 train 2.2919 val 2.6462
[b-drop0.2-lr3e-4-s1] step 400 train 2.2435 val 2.6587
[b-drop0.2-lr3e-4-s1] step 450 train 2.2089 val 2.6435
[b-drop0.2-lr3e-4-s1] step 500 train 2.1594 val 2.6576
[b-drop0.2-lr3e-4-s1] step 550 train 2.0896 val 2.6568
[b-drop0.2-lr3e-4-s1] step 600 train 2.0589 val 2.6810
[b-drop0.2-lr3e-4-s1] step 650 train 2.0052 val 2.6585
[b-drop0.2-lr3e-4-s1] step 700 train 1.9627 val 2.6764
[b-drop0.2-lr3e-4-s1] step 750 train 1.9328 val 2.7149
[b-drop0.2-lr3e-4-s1] step 800 train 1.8958 val 2.7090
[b-drop0.2-lr3e-4-s1] step 850 train 1.8737 val 2.7155
[b-drop0.2-lr3e-4-s1] step 900 train 1.8483 val 2.7387
[b-drop0.2-lr3e-4-s1] step 950 train 1.8256 val 2.7467
[b-drop0.2-lr3e-4-s1] step 1000 train 1.8128 val 2.7472
[b-drop0.2-lr3e-4-s1] DONE {"summary": true, "final_step": 1000, "final_train_full": 1.8128, "final_val": 2.7472, "best_step": 300, "best_val": 2.618, "best_train_full": 2.3508, "elapsed_s": 1541.7, "samples": {"hello": " that wher y icoly goulo and wous t is wha t athe the he s allo ", "the cat": " you", "why is": " tha it ous thas pus it that tore thas s je clorestorke it the i", "boop": ""}}
/home/beckett/Projects/babble/.beckett/worktrees/run-20260820-revamp-the-training-pipeline-corpus-inte/.venv/lib/python3.12/site-packages/torch/_subclasses/functional_tensor.py:368: UserWarning: Failed to initialize NumPy: No module named 'numpy' (Triggered internally at /__w/pytorch/pytorch/torch/csrc/utils/tensor_numpy.cpp:84.)
  cpu = _conversion_method_template(device=torch.device("cpu"))
[b-drop0.2-lr3e-4-s2] {"name": "b-drop0.2-lr3e-4-s2", "steps": 1000, "lr": 0.0003, "n_layer": 4, "n_head": 4, "n_embd": 256, "dropout": 0.2, "weight_decay": 0.01, "cosine": true, "batch_size": 8, "params": 3347968, "train_rows": 326, "val_rows": 81, "train_examples": 328, "synthetic_examples": 0, "seed": 2}
[b-drop0.2-lr3e-4-s2] step 50 train 2.8299 val 2.8845
[b-drop0.2-lr3e-4-s2] step 100 train 2.6439 val 2.7655
[b-drop0.2-lr3e-4-s2] step 150 train 2.5271 val 2.6832
[b-drop0.2-lr3e-4-s2] step 200 train 2.4643 val 2.6812
[b-drop0.2-lr3e-4-s2] step 250 train 2.3918 val 2.6481
[b-drop0.2-lr3e-4-s2] step 300 train 2.3433 val 2.6387
[b-drop0.2-lr3e-4-s2] step 350 train 2.3114 val 2.6699
[b-drop0.2-lr3e-4-s2] step 400 train 2.2297 val 2.6411
[b-drop0.2-lr3e-4-s2] step 450 train 2.1912 val 2.6578
[b-drop0.2-lr3e-4-s2] step 500 train 2.1428 val 2.6608
[b-drop0.2-lr3e-4-s2] step 550 train 2.0891 val 2.6679
[b-drop0.2-lr3e-4-s2] step 600 train 2.0476 val 2.6822
[b-drop0.2-lr3e-4-s2] step 650 train 2.0055 val 2.7035
[b-drop0.2-lr3e-4-s2] step 700 train 1.9622 val 2.7284
[b-drop0.2-lr3e-4-s2] step 750 train 1.9204 val 2.7120
[b-drop0.2-lr3e-4-s2] step 800 train 1.8989 val 2.7563
[b-drop0.2-lr3e-4-s2] step 850 train 1.8684 val 2.7570
[b-drop0.2-lr3e-4-s2] step 900 train 1.8523 val 2.7847
[b-drop0.2-lr3e-4-s2] step 950 train 1.8283 val 2.7682
[b-drop0.2-lr3e-4-s2] step 1000 train 1.8082 val 2.7782
[b-drop0.2-lr3e-4-s2] DONE {"summary": true, "final_step": 1000, "final_train_full": 1.8082, "final_val": 2.7782, "best_step": 300, "best_val": 2.6387, "best_train_full": 2.3433, "elapsed_s": 1268.2, "samples": {"hello": " you wh ca sir", "the cat": " you", "why is": " wou wo che ithake cong a ss is wherous t the we tho te ithono a", "boop": ""}}
/home/beckett/Projects/babble/.beckett/worktrees/run-20260820-revamp-the-training-pipeline-corpus-inte/.venv/lib/python3.12/site-packages/torch/_subclasses/functional_tensor.py:368: UserWarning: Failed to initialize NumPy: No module named 'numpy' (Triggered internally at /__w/pytorch/pytorch/torch/csrc/utils/tensor_numpy.cpp:84.)
  cpu = _conversion_method_template(device=torch.device("cpu"))
[b-drop0.2-lr3e-4-s3] {"name": "b-drop0.2-lr3e-4-s3", "steps": 1000, "lr": 0.0003, "n_layer": 4, "n_head": 4, "n_embd": 256, "dropout": 0.2, "weight_decay": 0.01, "cosine": true, "batch_size": 8, "params": 3347968, "train_rows": 326, "val_rows": 81, "train_examples": 328, "synthetic_examples": 0, "seed": 3}
[b-drop0.2-lr3e-4-s3] step 50 train 2.8235 val 2.8821
[b-drop0.2-lr3e-4-s3] step 100 train 2.6394 val 2.7570
[b-drop0.2-lr3e-4-s3] step 150 train 2.4979 val 2.6633
[b-drop0.2-lr3e-4-s3] step 200 train 2.4366 val 2.6476
[b-drop0.2-lr3e-4-s3] step 250 train 2.4182 val 2.6651
[b-drop0.2-lr3e-4-s3] step 300 train 2.3307 val 2.6492
[b-drop0.2-lr3e-4-s3] step 350 train 2.2776 val 2.6340
[b-drop0.2-lr3e-4-s3] step 400 train 2.2310 val 2.6489
[b-drop0.2-lr3e-4-s3] step 450 train 2.1941 val 2.6603
[b-drop0.2-lr3e-4-s3] step 500 train 2.1451 val 2.6886
[b-drop0.2-lr3e-4-s3] step 550 train 2.0826 val 2.6849
[b-drop0.2-lr3e-4-s3] step 600 train 2.0538 val 2.6623
[b-drop0.2-lr3e-4-s3] step 650 train 2.0020 val 2.6999
[b-drop0.2-lr3e-4-s3] step 700 train 1.9432 val 2.7140
[b-drop0.2-lr3e-4-s3] step 750 train 1.9218 val 2.7081
[b-drop0.2-lr3e-4-s3] step 800 train 1.8956 val 2.7196
[b-drop0.2-lr3e-4-s3] step 850 train 1.8592 val 2.7377
[b-drop0.2-lr3e-4-s3] step 900 train 1.8358 val 2.7561
[b-drop0.2-lr3e-4-s3] step 950 train 1.8174 val 2.7542
[b-drop0.2-lr3e-4-s3] step 1000 train 1.7965 val 2.7639
[b-drop0.2-lr3e-4-s3] DONE {"summary": true, "final_step": 1000, "final_train_full": 1.7965, "final_val": 2.7639, "best_step": 350, "best_val": 2.634, "best_train_full": 2.2776, "elapsed_s": 1279.3, "samples": {"hello": " whe it that the sskere mas the waske nge fonderererere wis mend", "the cat": " wou", "why is": " wou that the thas the cere thestsst athe fond fore s cthe coune", "boop": " whe that t ther sthere mast mesthere t the sthoreere the s mon "}}
/home/beckett/Projects/babble/.beckett/worktrees/run-20260820-revamp-the-training-pipeline-corpus-inte/.venv/lib/python3.12/site-packages/torch/_subclasses/functional_tensor.py:368: UserWarning: Failed to initialize NumPy: No module named 'numpy' (Triggered internally at /__w/pytorch/pytorch/torch/csrc/utils/tensor_numpy.cpp:84.)
  cpu = _conversion_method_template(device=torch.device("cpu"))
[c-small-drop0.1-s1] {"name": "c-small-drop0.1-s1", "steps": 1000, "lr": 0.001, "n_layer": 3, "n_head": 4, "n_embd": 128, "dropout": 0.1, "weight_decay": 0.05, "cosine": true, "batch_size": 8, "params": 690432, "train_rows": 326, "val_rows": 81, "train_examples": 328, "synthetic_examples": 0, "seed": 1}
[c-small-drop0.1-s1] step 50 train 2.8388 val 2.9102
[c-small-drop0.1-s1] step 100 train 2.6550 val 2.7688
[c-small-drop0.1-s1] step 150 train 2.5606 val 2.7237
[c-small-drop0.1-s1] step 200 train 2.4584 val 2.6759
[c-small-drop0.1-s1] step 250 train 2.4183 val 2.6997
[c-small-drop0.1-s1] step 300 train 2.3639 val 2.6707
[c-small-drop0.1-s1] step 350 train 2.2902 val 2.6854
[c-small-drop0.1-s1] step 400 train 2.2529 val 2.7076
[c-small-drop0.1-s1] step 450 train 2.2119 val 2.7127
[c-small-drop0.1-s1] step 500 train 2.1735 val 2.7414
[c-small-drop0.1-s1] step 550 train 2.0934 val 2.7180
[c-small-drop0.1-s1] step 600 train 2.0593 val 2.7602
[c-small-drop0.1-s1] step 650 train 1.9909 val 2.7582
[c-small-drop0.1-s1] step 700 train 1.9492 val 2.7898
[c-small-drop0.1-s1] step 750 train 1.9110 val 2.8265
[c-small-drop0.1-s1] step 800 train 1.8840 val 2.8124
[c-small-drop0.1-s1] step 850 train 1.8476 val 2.8497
[c-small-drop0.1-s1] step 900 train 1.8174 val 2.8475
[c-small-drop0.1-s1] step 950 train 1.8010 val 2.8625
[c-small-drop0.1-s1] step 1000 train 1.7832 val 2.8738
[c-small-drop0.1-s1] DONE {"summary": true, "final_step": 1000, "final_train_full": 1.7832, "final_val": 2.8738, "best_step": 300, "best_val": 2.6707, "best_train_full": 2.3639, "elapsed_s": 421.2, "samples": {"hello": " that who", "the cat": " t ahat or yolat plavelorend tor cat isend at t ing wouel in ind", "why is": " thathe or selathathe t t t soor cathalllas cat iskeske it olr i", "boop": ""}}
/home/beckett/Projects/babble/.beckett/worktrees/run-20260820-revamp-the-training-pipeline-corpus-inte/.venv/lib/python3.12/site-packages/torch/_subclasses/functional_tensor.py:368: UserWarning: Failed to initialize NumPy: No module named 'numpy' (Triggered internally at /__w/pytorch/pytorch/torch/csrc/utils/tensor_numpy.cpp:84.)
  cpu = _conversion_method_template(device=torch.device("cpu"))
[c-small-drop0.1-s2] {"name": "c-small-drop0.1-s2", "steps": 1000, "lr": 0.001, "n_layer": 3, "n_head": 4, "n_embd": 128, "dropout": 0.1, "weight_decay": 0.05, "cosine": true, "batch_size": 8, "params": 690432, "train_rows": 326, "val_rows": 81, "train_examples": 328, "synthetic_examples": 0, "seed": 2}
[c-small-drop0.1-s2] step 50 train 2.8361 val 2.8892
[c-small-drop0.1-s2] step 100 train 2.6463 val 2.7448
[c-small-drop0.1-s2] step 150 train 2.5379 val 2.7013
[c-small-drop0.1-s2] step 200 train 2.4764 val 2.6916
[c-small-drop0.1-s2] step 250 train 2.3915 val 2.6785
[c-small-drop0.1-s2] step 300 train 2.3675 val 2.6824
[c-small-drop0.1-s2] step 350 train 2.3115 val 2.7032
[c-small-drop0.1-s2] step 400 train 2.2230 val 2.6863
[c-small-drop0.1-s2] step 450 train 2.1813 val 2.7089
[c-small-drop0.1-s2] step 500 train 2.1270 val 2.6988
[c-small-drop0.1-s2] step 550 train 2.0642 val 2.7365
[c-small-drop0.1-s2] step 600 train 2.0242 val 2.7480
[c-small-drop0.1-s2] step 650 train 1.9726 val 2.7778
[c-small-drop0.1-s2] step 700 train 1.9223 val 2.8019
[c-small-drop0.1-s2] step 750 train 1.8718 val 2.7983
[c-small-drop0.1-s2] step 800 train 1.8446 val 2.8446
[c-small-drop0.1-s2] step 850 train 1.8212 val 2.8519
[c-small-drop0.1-s2] step 900 train 1.7912 val 2.8551
[c-small-drop0.1-s2] step 950 train 1.7676 val 2.8683
[c-small-drop0.1-s2] step 1000 train 1.7483 val 2.8672
[c-small-drop0.1-s2] DONE {"summary": true, "final_step": 1000, "final_train_full": 1.7483, "final_val": 2.8672, "best_step": 250, "best_val": 2.6785, "best_train_full": 2.3915, "elapsed_s": 385.4, "samples": {"hello": " tho the she thake cthe the the she m sere so the s the be the t", "the cat": " you the ate t touso me a se be inthe se siso wende the ithe sou", "why is": " thouth cke it", "boop": " you the athit"}}
/home/beckett/Projects/babble/.beckett/worktrees/run-20260820-revamp-the-training-pipeline-corpus-inte/.venv/lib/python3.12/site-packages/torch/_subclasses/functional_tensor.py:368: UserWarning: Failed to initialize NumPy: No module named 'numpy' (Triggered internally at /__w/pytorch/pytorch/torch/csrc/utils/tensor_numpy.cpp:84.)
  cpu = _conversion_method_template(device=torch.device("cpu"))
[c-small-drop0.1-s3] {"name": "c-small-drop0.1-s3", "steps": 1000, "lr": 0.001, "n_layer": 3, "n_head": 4, "n_embd": 128, "dropout": 0.1, "weight_decay": 0.05, "cosine": true, "batch_size": 8, "params": 690432, "train_rows": 326, "val_rows": 81, "train_examples": 328, "synthetic_examples": 0, "seed": 3}
[c-small-drop0.1-s3] step 50 train 2.9019 val 2.9512
[c-small-drop0.1-s3] step 100 train 2.6874 val 2.7988
[c-small-drop0.1-s3] step 150 train 2.5321 val 2.6940
[c-small-drop0.1-s3] step 200 train 2.4591 val 2.6909
[c-small-drop0.1-s3] step 250 train 2.4210 val 2.7047
[c-small-drop0.1-s3] step 300 train 2.3566 val 2.7143
[c-small-drop0.1-s3] step 350 train 2.2867 val 2.6944
[c-small-drop0.1-s3] step 400 train 2.2324 val 2.6905
[c-small-drop0.1-s3] step 450 train 2.1827 val 2.6978
[c-small-drop0.1-s3] step 500 train 2.1421 val 2.7615
[c-small-drop0.1-s3] step 550 train 2.0842 val 2.7514
[c-small-drop0.1-s3] step 600 train 2.0394 val 2.7350
[c-small-drop0.1-s3] step 650 train 1.9796 val 2.7759
[c-small-drop0.1-s3] step 700 train 1.9258 val 2.8142
[c-small-drop0.1-s3] step 750 train 1.8912 val 2.8112
[c-small-drop0.1-s3] step 800 train 1.8609 val 2.8303
[c-small-drop0.1-s3] step 850 train 1.8270 val 2.8399
[c-small-drop0.1-s3] step 900 train 1.7962 val 2.8711
[c-small-drop0.1-s3] step 950 train 1.7735 val 2.8707
[c-small-drop0.1-s3] step 1000 train 1.7540 val 2.8980
[c-small-drop0.1-s3] DONE {"summary": true, "final_step": 1000, "final_train_full": 1.754, "final_val": 2.898, "best_step": 400, "best_val": 2.6905, "best_train_full": 2.2324, "elapsed_s": 402.3, "samples": {"hello": " whe w", "the cat": " wou", "why is": " wore tor", "boop": " w thous goon in san bale al we was in me f anererexan w thomon "}}
/home/beckett/Projects/babble/.beckett/worktrees/run-20260820-revamp-the-training-pipeline-corpus-inte/.venv/lib/python3.12/site-packages/torch/_subclasses/functional_tensor.py:368: UserWarning: Failed to initialize NumPy: No module named 'numpy' (Triggered internally at /__w/pytorch/pytorch/torch/csrc/utils/tensor_numpy.cpp:84.)
  cpu = _conversion_method_template(device=torch.device("cpu"))
[cosine-only-s1] {"name": "cosine-only-s1", "steps": 1000, "lr": 0.001, "n_layer": 4, "n_head": 4, "n_embd": 256, "dropout": 0.0, "weight_decay": 0.01, "cosine": true, "batch_size": 8, "params": 3347968, "train_rows": 326, "val_rows": 81, "train_examples": 328, "synthetic_examples": 0, "seed": 1}
[cosine-only-s1] step 50 train 2.9120 val 2.9791
[cosine-only-s1] step 100 train 2.6900 val 2.8186
[cosine-only-s1] step 150 train 2.5448 val 2.7423
[cosine-only-s1] step 200 train 2.4579 val 2.7514
[cosine-only-s1] step 250 train 2.3886 val 2.7943
[cosine-only-s1] step 300 train 2.2800 val 2.7613
[cosine-only-s1] step 350 train 2.1678 val 2.8173
[cosine-only-s1] step 400 train 2.0864 val 2.9092
[cosine-only-s1] step 450 train 2.0094 val 2.9228
[cosine-only-s1] step 500 train 1.8944 val 3.0089
[cosine-only-s1] step 550 train 1.7654 val 3.0360
[cosine-only-s1] step 600 train 1.7015 val 3.1267
[cosine-only-s1] step 650 train 1.5304 val 3.1572
[cosine-only-s1] step 700 train 1.4179 val 3.2936
[cosine-only-s1] step 750 train 1.3350 val 3.4779
[cosine-only-s1] step 800 train 1.2337 val 3.5396
[cosine-only-s1] step 850 train 1.1525 val 3.6540
[cosine-only-s1] step 900 train 1.0637 val 3.7273
[cosine-only-s1] step 950 train 0.9973 val 3.8117
[cosine-only-s1] step 1000 train 0.9437 val 3.9378
[cosine-only-s1] DONE {"summary": true, "final_step": 1000, "final_train_full": 0.9437, "final_val": 3.9378, "best_step": 150, "best_val": 2.7423, "best_train_full": 2.5448, "elapsed_s": 628.6, "samples": {"hello": " t at alore heat p goul t ng aoure thi what cl s at we e t f re ", "the cat": " t at alere pean ppaoull ng roous a at r jur lor at we bl iflire", "why is": " t anoulore that p goul t ng as s the ind mand s ange hel ig re ", "boop": " that alo t hear pl oulo g manous at i woun cat be s ke l it re "}}
