/home/beckett/Projects/babble/.beckett/worktrees/run-20260820-revamp-the-training-pipeline-corpus-inte/.venv/lib/python3.12/site-packages/torch/_subclasses/functional_tensor.py:368: UserWarning: Failed to initialize NumPy: No module named 'numpy' (Triggered internally at /__w/pytorch/pytorch/torch/csrc/utils/tensor_numpy.cpp:84.)
  cpu = _conversion_method_template(device=torch.device("cpu"))
[synth-3x-4k] {"name": "synth-3x-4k", "steps": 4000, "lr": 0.001, "n_layer": 4, "n_head": 4, "n_embd": 256, "dropout": 0.0, "weight_decay": 0.01, "cosine": false, "batch_size": 8, "params": 3347968, "train_rows": 326, "val_rows": 81, "train_examples": 328, "synthetic_examples": 1200, "seed": 1}
[synth-3x-4k] step 200 train 2.6529 val 2.7161
[synth-3x-4k] step 400 train 2.5204 val 2.6318
[synth-3x-4k] step 600 train 2.3970 val 2.5824
[synth-3x-4k] step 800 train 2.2845 val 2.5400
[synth-3x-4k] step 1000 train 2.2285 val 2.5518
[synth-3x-4k] step 1200 train 2.1754 val 2.5541
[synth-3x-4k] step 1400 train 2.0931 val 2.5318
[synth-3x-4k] step 1600 train 2.0298 val 2.5314
[synth-3x-4k] step 1800 train 1.9707 val 2.5194
[synth-3x-4k] step 2000 train 1.8998 val 2.4887
[synth-3x-4k] step 2200 train 1.8739 val 2.5555
[synth-3x-4k] step 2400 train 1.8042 val 2.4681
[synth-3x-4k] step 2600 train 1.7769 val 2.4918
[synth-3x-4k] step 2800 train 1.7176 val 2.5029
[synth-3x-4k] step 3000 train 1.6477 val 2.5175
[synth-3x-4k] step 3200 train 1.5920 val 2.4880
[synth-3x-4k] step 3400 train 1.5563 val 2.5412
[synth-3x-4k] step 3600 train 1.5189 val 2.5318
[synth-3x-4k] step 3800 train 1.4480 val 2.5418
[synth-3x-4k] step 4000 train 1.4572 val 2.5773
[synth-3x-4k] DONE {"summary": true, "final_step": 4000, "final_train_full": 1.4572, "final_val": 2.5773, "best_step": 2400, "best_val": 2.4681, "best_train_full": 1.8042, "elapsed_s": 1712.6, "samples": {"hello": " won at re perat argee to to as so asins we codstinge hel and a ", "the cat": " we can’re mandpetpett goidke scauring we coos ankether at rea", "why is": " thaver a", "boop": "er it war"}}
