/home/beckett/Projects/babble/.beckett/worktrees/run-20260820-revamp-the-training-pipeline-corpus-inte/.venv/lib/python3.12/site-packages/torch/_subclasses/functional_tensor.py:368: UserWarning: Failed to initialize NumPy: No module named 'numpy' (Triggered internally at /__w/pytorch/pytorch/torch/csrc/utils/tensor_numpy.cpp:84.)
  cpu = _conversion_method_template(device=torch.device("cpu"))
[synth-1x-4k] {"name": "synth-1x-4k", "steps": 4000, "lr": 0.001, "n_layer": 4, "n_head": 4, "n_embd": 256, "dropout": 0.0, "weight_decay": 0.01, "cosine": false, "batch_size": 8, "params": 3347968, "train_rows": 326, "val_rows": 81, "train_examples": 328, "synthetic_examples": 400, "seed": 1}
[synth-1x-4k] step 200 train 2.7324 val 2.7762
[synth-1x-4k] step 400 train 2.6108 val 2.7469
[synth-1x-4k] step 600 train 2.5289 val 2.7112
[synth-1x-4k] step 800 train 2.4602 val 2.7148
[synth-1x-4k] step 1000 train 2.4093 val 2.7193
[synth-1x-4k] step 1200 train 2.3281 val 2.6930
[synth-1x-4k] step 1400 train 2.3097 val 2.6890
[synth-1x-4k] step 1600 train 2.2313 val 2.6947
[synth-1x-4k] step 1800 train 2.2140 val 2.7301
[synth-1x-4k] step 2000 train 2.1809 val 2.8193
[synth-1x-4k] step 2200 train 2.1125 val 2.7613
[synth-1x-4k] step 2400 train 2.0753 val 2.7774
[synth-1x-4k] step 2600 train 2.0553 val 2.7933
[synth-1x-4k] step 2800 train 1.9976 val 2.8137
[synth-1x-4k] step 3000 train 1.9226 val 2.8567
[synth-1x-4k] step 3200 train 1.9192 val 2.8858
[synth-1x-4k] step 3400 train 1.8724 val 2.8594
[synth-1x-4k] step 3600 train 1.8569 val 2.9013
[synth-1x-4k] step 3800 train 1.7794 val 3.0186
[synth-1x-4k] step 4000 train 1.7055 val 2.9533
[synth-1x-4k] DONE {"summary": true, "final_step": 4000, "final_train_full": 1.7055, "final_val": 2.9533, "best_step": 1400, "best_val": 2.689, "best_train_full": 2.3097, "elapsed_s": 2365.4, "samples": {"hello": " yo wealon a ma ad go to gindoorsha si wou to to a s me in flio ", "the cat": "hat atourr n mat athout that asuse we tenge cat int we thatous a", "why is": " than we ct he in thoule nthe or cat ithan an or at wou l in r i", "boop": "e t thas st he ang gougounn ans s at in the t t ing we in in in "}}
